Component: ARM Compiler 5.06 update 6 (build 750) Tool: armlink [4d35ed]

==============================================================================

Section Cross References

    main.o(i.main) refers to usart.o(i.USART1_Config) for USART1_Config
    main.o(i.main) refers to usart.o(i.USART2_Config) for USART2_Config
    main.o(i.main) refers to delay.o(i.delay_init) for delay_init
    main.o(i.main) refers to command.o(i.Command_Init) for Command_Init
    main.o(i.main) refers to mcu_api.o(i.UartProtocolInit) for UartProtocolInit
    main.o(i.main) refers to led.o(i.LedInit) for LedInit
    main.o(i.main) refers to printf2.o(i.__0printf$2) for __2printf
    main.o(i.main) refers to mcu_api.o(i.UartProcessPro) for UartProcessPro
    main.o(i.main) refers to delay.o(i.delay_ms) for delay_ms
    system_stm32f10x.o(i.SetSysClock) refers to system_stm32f10x.o(i.SetSysClockTo72) for SetSysClockTo72
    system_stm32f10x.o(i.SystemCoreClockUpdate) refers to system_stm32f10x.o(.data) for SystemCoreClock
    system_stm32f10x.o(i.SystemInit) refers to system_stm32f10x.o(i.SetSysClock) for SetSysClock
    usart.o(i.USART1_Config) refers to stm32f10x_rcc.o(i.RCC_APB2PeriphClockCmd) for RCC_APB2PeriphClockCmd
    usart.o(i.USART1_Config) refers to stm32f10x_gpio.o(i.GPIO_Init) for GPIO_Init
    usart.o(i.USART1_Config) refers to stm32f10x_usart.o(i.USART_Init) for USART_Init
    usart.o(i.USART1_Config) refers to stm32f10x_usart.o(i.USART_Cmd) for USART_Cmd
    usart.o(i.USART1_Config) refers to stm32f10x_usart.o(i.USART_ITConfig) for USART_ITConfig
    usart.o(i.USART1_Config) refers to stm32f10x_usart.o(i.USART_ClearFlag) for USART_ClearFlag
    usart.o(i.USART1_Config) refers to misc.o(i.NVIC_PriorityGroupConfig) for NVIC_PriorityGroupConfig
    usart.o(i.USART1_Config) refers to misc.o(i.NVIC_Init) for NVIC_Init
    usart.o(i.USART1_Putc) refers to stm32f10x_usart.o(i.USART_SendData) for USART_SendData
    usart.o(i.USART1_Putc) refers to stm32f10x_usart.o(i.USART_GetFlagStatus) for USART_GetFlagStatus
    usart.o(i.USART1_Puts) refers to stm32f10x_usart.o(i.USART_SendData) for USART_SendData
    usart.o(i.USART1_Puts) refers to stm32f10x_usart.o(i.USART_GetFlagStatus) for USART_GetFlagStatus
    usart.o(i.USART2SendByteData) refers to stm32f10x_usart.o(i.USART_SendData) for USART_SendData
    usart.o(i.USART2SendByteData) refers to stm32f10x_usart.o(i.USART_GetFlagStatus) for USART_GetFlagStatus
    usart.o(i.USART2SendDatas) refers to stm32f10x_usart.o(i.USART_SendData) for USART_SendData
    usart.o(i.USART2SendDatas) refers to stm32f10x_usart.o(i.USART_GetFlagStatus) for USART_GetFlagStatus
    usart.o(i.USART2_Config) refers to stm32f10x_rcc.o(i.RCC_APB2PeriphClockCmd) for RCC_APB2PeriphClockCmd
    usart.o(i.USART2_Config) refers to stm32f10x_rcc.o(i.RCC_APB1PeriphClockCmd) for RCC_APB1PeriphClockCmd
    usart.o(i.USART2_Config) refers to stm32f10x_gpio.o(i.GPIO_Init) for GPIO_Init
    usart.o(i.USART2_Config) refers to stm32f10x_usart.o(i.USART_Init) for USART_Init
    usart.o(i.USART2_Config) refers to stm32f10x_usart.o(i.USART_Cmd) for USART_Cmd
    usart.o(i.USART2_Config) refers to stm32f10x_usart.o(i.USART_ITConfig) for USART_ITConfig
    usart.o(i.USART2_Config) refers to stm32f10x_usart.o(i.USART_ClearFlag) for USART_ClearFlag
    usart.o(i.USART2_Config) refers to misc.o(i.NVIC_PriorityGroupConfig) for NVIC_PriorityGroupConfig
    usart.o(i.USART2_Config) refers to misc.o(i.NVIC_Init) for NVIC_Init
    usart.o(i.USART2_IRQHandler) refers to stm32f10x_usart.o(i.USART_GetITStatus) for USART_GetITStatus
    usart.o(i.USART2_IRQHandler) refers to stm32f10x_usart.o(i.USART_ReceiveData) for USART_ReceiveData
    usart.o(i.USART2_IRQHandler) refers to mcu_api.o(i.UartRevOneByte) for UartRevOneByte
    usart.o(i.USART2_IRQHandler) refers to stm32f10x_usart.o(i.USART_ClearITPendingBit) for USART_ClearITPendingBit
    usart.o(i.fputc) refers to stm32f10x_usart.o(i.USART_SendData) for USART_SendData
    usart.o(i.fputc) refers to stm32f10x_usart.o(i.USART_GetFlagStatus) for USART_GetFlagStatus
    delay.o(i.delay_init) refers to stm32f10x_rcc.o(i.RCC_GetClocksFreq) for RCC_GetClocksFreq
    delay.o(i.delay_init) refers to misc.o(i.SysTick_CLKSourceConfig) for SysTick_CLKSourceConfig
    delay.o(i.delay_init) refers to stm32f10x_systick.o(i.SysTick_ITConfig) for SysTick_ITConfig
    delay.o(i.delay_init) refers to delay.o(.data) for delay_fac_us
    delay.o(i.delay_ms) refers to stm32f10x_systick.o(i.SysTick_SetReload) for SysTick_SetReload
    delay.o(i.delay_ms) refers to stm32f10x_systick.o(i.SysTick_CounterCmd) for SysTick_CounterCmd
    delay.o(i.delay_ms) refers to stm32f10x_systick.o(i.SysTick_GetFlagStatus) for SysTick_GetFlagStatus
    delay.o(i.delay_ms) refers to delay.o(.data) for delay_fac_ms
    delay.o(i.delay_us) refers to stm32f10x_systick.o(i.SysTick_SetReload) for SysTick_SetReload
    delay.o(i.delay_us) refers to stm32f10x_systick.o(i.SysTick_CounterCmd) for SysTick_CounterCmd
[...]
    printf6.o(i.__0printf$6) refers to printf6.o(i._printf_core) for _printf_core
    printf6.o(i.__0printf$6) refers to usart.o(i.fputc) for fputc
    printf6.o(i.__0printf$6) refers to stdout.o(.data) for __stdout
    printf6.o(i.__0snprintf$6) refers to printf6.o(i._printf_core) for _printf_core
    printf6.o(i.__0snprintf$6) refers to printf6.o(i._snputc) for _snputc
    printf6.o(i.__0sprintf$6) refers to printf6.o(i._printf_core) for _printf_core
    printf6.o(i.__0sprintf$6) refers to printf6.o(i._sputc) for _sputc
    printf6.o(i.__0vfprintf$6) refers to printf6.o(i._printf_core) for _printf_core
    printf6.o(i.__0vfprintf$6) refers to usart.o(i.fputc) for fputc
    printf6.o(i.__0vprintf$6) refers to printf6.o(i._printf_core) for _printf_core
    printf6.o(i.__0vprintf$6) refers to usart.o(i.fputc) for fputc
    printf6.o(i.__0vprintf$6) refers to stdout.o(.data) for __stdout
    printf6.o(i.__0vsnprintf$6) refers to printf6.o(i._printf_core) for _printf_core
    printf6.o(i.__0vsnprintf$6) refers to printf6.o(i._snputc) for _snputc
    printf6.o(i.__0vsprintf$6) refers to printf6.o(i._printf_core) for _printf_core
    printf6.o(i.__0vsprintf$6) refers to printf6.o(i._sputc) for _sputc
    printf6.o(i._printf_core) refers to printf6.o(i._printf_pre_padding) for _printf_pre_padding
    printf6.o(i._printf_core) refers to uidiv.o(.text) for __aeabi_uidivmod
    printf6.o(i._printf_core) refers to printf6.o(i._printf_post_padding) for _printf_post_padding
    printf7.o(i.__0fprintf$7) refers to printf7.o(i._printf_core) for _printf_core
    printf7.o(i.__0fprintf$7) refers to usart.o(i.fputc) for fputc
    printf7.o(i.__0printf$7) refers to printf7.o(i._printf_core) for _printf_core
    printf7.o(i.__0printf$7) refers to usart.o(i.fputc) for fputc
    printf7.o(i.__0printf$7) refers to stdout.o(.data) for __stdout
    printf7.o(i.__0snprintf$7) refers to printf7.o(i._printf_core) for _printf_core
    printf7.o(i.__0snprintf$7) refers to printf7.o(i._snputc) for _snputc
    printf7.o(i.__0sprintf$7) refers to printf7.o(i._printf_core) for _printf_core
    printf7.o(i.__0sprintf$7) refers to printf7.o(i._sputc) for _sputc
    printf7.o(i.__0vfprintf$7) refers to printf7.o(i._printf_core) for _printf_core
    printf7.o(i.__0vfprintf$7) refers to usart.o(i.fputc) for fputc
    printf7.o(i.__0vprintf$7) refers to printf7.o(i._printf_core) for _printf_core
    printf7.o(i.__0vprintf$7) refers to usart.o(i.fputc) for fputc
    printf7.o(i.__0vprintf$7) refers to stdout.o(.data) for __stdout
    printf7.o(i.__0vsnprintf$7) refers to printf7.o(i._printf_core) for _printf_core
    printf7.o(i.__0vsnprintf$7) refers to printf7.o(i._snputc) for _snputc
    printf7.o(i.__0vsprintf$7) refers to printf7.o(i._printf_core) for _printf_core
    printf7.o(i.__0vsprintf$7) refers to printf7.o(i._sputc) for _sputc
    printf7.o(i._printf_core) refers to printf7.o(i._printf_pre_padding) for _printf_pre_padding
    printf7.o(i._printf_core) refers to uldiv.o(.text) for __aeabi_uldivmod
    printf7.o(i._printf_core) refers to printf7.o(i._printf_post_padding) for _printf_post_padding
    printf8.o(i.__0fprintf$8) refers to printf8.o(i._printf_core) for _printf_core
    printf8.o(i.__0fprintf$8) refers to usart.o(i.fputc) for fputc
    printf8.o(i.__0printf$8) refers to printf8.o(i._printf_core) for _printf_core
    printf8.o(i.__0printf$8) refers to usart.o(i.fputc) for fputc
    printf8.o(i.__0printf$8) refers to stdout.o(.data) for __stdout
    printf8.o(i.__0snprintf$8) refers to printf8.o(i._printf_core) for _printf_core
    printf8.o(i.__0snprintf$8) refers to printf8.o(i._snputc) for _snputc
    printf8.o(i.__0sprintf$8) refers to printf8.o(i._printf_core) for _printf_core
    printf8.o(i.__0sprintf$8) refers to printf8.o(i._sputc) for _sputc
    printf8.o(i.__0vfprintf$8) refers to printf8.o(i._printf_core) for _printf_core
    printf8.o(i.__0vfprintf$8) refers to usart.o(i.fputc) for fputc
    printf8.o(i.__0vprintf$8) refers to printf8.o(i._printf_core) for _printf_core
    printf8.o(i.__0vprintf$8) refers to usart.o(i.fputc) for fputc
    printf8.o(i.__0vprintf$8) refers to stdout.o(.data) for __stdout
    printf8.o(i.__0vsnprintf$8) refers to printf8.o(i._printf_core) for _printf_core
    printf8.o(i.__0vsnprintf$8) refers to printf8.o(i._snputc) for _snputc
    printf8.o(i.__0vsprintf$8) refers to printf8.o(i._printf_core) for _printf_core
    printf8.o(i.__0vsprintf$8) refers to printf8.o(i._sputc) for _sputc
    printf8.o(i._printf_core) refers to printf8.o(i._printf_pre_padding) for _printf_pre_padding
    printf8.o(i._printf_core) refers to uldiv.o(.text) for __aeabi_uldivmod
    printf8.o(i._printf_core) refers to printf8.o(i._printf_post_padding) for _printf_post_padding
    printfa.o(i.__0fprintf) refers (Special) to iusefp.o(.text) for __I$use$fp
    printfa.o(i.__0fprintf) refers to printfa.o(i._printf_core) for _printf_core
    printfa.o(i.__0fprintf) refers to usart.o(i.fputc) for fputc
    printfa.o(i.__0printf) refers (Special) to iusefp.o(.text) for __I$use$fp
    printfa.o(i.__0printf) refers to printfa.o(i._printf_core) for _printf_core
    printfa.o(i.__0printf) refers to usart.o(i.fputc) for fputc
    printfa.o(i.__0printf) refers to stdout.o(.data) for __stdout
    printfa.o(i.__0snprintf) refers (Special) to iusefp.o(.text) for __I$use$fp
    printfa.o(i.__0snprintf) refers to printfa.o(i._printf_core) for _printf_core
    printfa.o(i.__0snprintf) refers to printfa.o(i._snputc) for _snputc
    printfa.o(i.__0sprintf) refers (Special) to iusefp.o(.text) for __I$use$fp
    printfa.o(i.__0sprintf) refers to printfa.o(i._printf_core) for _printf_core
    printfa.o(i.__0sprintf) refers to printfa.o(i._sputc) for _sputc
    printfa.o(i.__0vfprintf) refers (Special) to iusefp.o(.text) for __I$use$fp
    printfa.o(i.__0vfprintf) refers to printfa.o(i._printf_core) for _printf_core
    printfa.o(i.__0vfprintf) refers to usart.o(i.fputc) for fputc
    printfa.o(i.__0vprintf) refers (Special) to iusefp.o(.text) for __I$use$fp
    printfa.o(i.__0vprintf) refers to printfa.o(i._printf_core) for _printf_core
    printfa.o(i.__0vprintf) refers to usart.o(i.fputc) for fputc
    printfa.o(i.__0vprintf) refers to stdout.o(.data) for __stdout
    printfa.o(i.__0vsnprintf) refers (Special) to iusefp.o(.text) for __I$use$fp
    printfa.o(i.__0vsnprintf) refers to printfa.o(i._printf_core) for _printf_core
    printfa.o(i.__0vsnprintf) refers to printfa.o(i._snputc) for _snputc
    printfa.o(i.__0vsprintf) refers (Special) to iusefp.o(.text) for __I$use$fp
    printfa.o(i.__0vsprintf) refers to printfa.o(i._printf_core) for _printf_core
    printfa.o(i.__0vsprintf) refers to printfa.o(i._sputc) for _sputc
    printfa.o(i._fp_digits) refers (Special) to iusefp.o(.text) for __I$use$fp
    printfa.o(i._fp_digits) refers to dmul.o(.text) for __aeabi_dmul
    printfa.o(i._fp_digits) refers to ddiv.o(.text) for __aeabi_ddiv
    printfa.o(i._fp_digits) refers to cdrcmple.o(.text) for __aeabi_cdrcmple
    printfa.o(i._fp_digits) refers to dadd.o(.text) for __aeabi_dadd
    printfa.o(i._fp_digits) refers to dfixul.o(.text) for __aeabi_d2ulz
    printfa.o(i._fp_digits) refers to uldiv.o(.text) for __aeabi_uldivmod
    printfa.o(i._printf_core) refers (Special) to iusefp.o(.text) for __I$use$fp
    printfa.o(i._printf_core) refers to printfa.o(i._printf_pre_padding) for _printf_pre_padding
    printfa.o(i._printf_core) refers to uldiv.o(.text) for __aeabi_uldivmod
    printfa.o(i._printf_core) refers to printfa.o(i._printf_post_padding) for _printf_post_padding
    printfa.o(i._printf_core) refers to printfa.o(i._fp_digits) for _fp_digits
    printfa.o(i._printf_core) refers to uidiv.o(.text) for __aeabi_uidivmod
    printfa.o(i._printf_post_padding) refers (Special) to iusefp.o(.text) for __I$use$fp
    printfa.o(i._printf_pre_padding) refers (Special) to iusefp.o(.text) for __I$use$fp
    printfa.o(i._snputc) refers (Special) to iusefp.o(.text) for __I$use$fp
    printfa.o(i._sputc) refers (Special) to iusefp.o(.text) for __I$use$fp
    malloc.o(i.free) refers to mvars.o(.data) for __microlib_freelist
    malloc.o(i.malloc) refers to mvars.o(.data) for __microlib_freelist_initialised
    malloc.o(i.malloc) refers to mvars.o(.data) for __microlib_freelist
    malloc.o(i.malloc) refers to startup_stm32f10x_md.o(HEAP) for __heap_base
    mallocr.o(i.__free$realloc) refers to mvars.o(.data) for __microlib_freelist
    mallocr.o(i.__malloc$realloc) refers to mallocr.o(i.internal_alloc) for internal_alloc
    mallocr.o(i.__malloc$realloc) refers to mvars.o(.data) for __microlib_freelist_initialised
    mallocr.o(i.__malloc$realloc) refers to startup_stm32f10x_md.o(HEAP) for __heap_base
    mallocr.o(i.__malloc$realloc) refers to mvars.o(.data) for __microlib_freelist
    mallocr.o(i.internal_alloc) refers to memcpya.o(.text) for __aeabi_memcpy
    mallocr.o(i.internal_alloc) refers to mvars.o(.data) for __microlib_freelist
    mallocr.o(i.realloc) refers to mallocr.o(i.__free$realloc) for __free$realloc
    mallocr.o(i.realloc) refers to mallocr.o(i.internal_alloc) for internal_alloc
    mallocr.o(i.realloc) refers to mallocr.o(i.__malloc$realloc) for __malloc$realloc
    mallocr.o(i.realloc) refers to mvars.o(.data) for __microlib_freelist
    malloca.o(i.__aligned_malloc) refers to mvars.o(.data) for __microlib_freelist_initialised
    malloca.o(i.__aligned_malloc) refers to mvars.o(.data) for __microlib_freelist
    malloca.o(i.__aligned_malloc) refers to startup_stm32f10x_md.o(HEAP) for __heap_base
    malloca.o(i.__free$memalign) refers to mvars.o(.data) for __microlib_freelist
    malloca.o(i.__malloc$memalign) refers to malloca.o(i.__aligned_malloc) for __aligned_malloc
    mallocra.o(i.__aligned_malloc$realloc) refers to mallocra.o(i.internal_alloc) for internal_alloc
    mallocra.o(i.__aligned_malloc$realloc) refers to mvars.o(.data) for __microlib_freelist_initialised
    mallocra.o(i.__aligned_malloc$realloc) refers to startup_stm32f10x_md.o(HEAP) for __heap_base
    mallocra.o(i.__aligned_malloc$realloc) refers to mvars.o(.data) for __microlib_freelist
    mallocra.o(i.__free$realloc$memalign) refers to mvars.o(.data) for __microlib_freelist
    mallocra.o(i.__malloc$realloc$memalign) refers to mallocra.o(i.__aligned_malloc$realloc) for __aligned_malloc$realloc
    mallocra.o(i.__realloc$memalign) refers to mallocra.o(i.__free$realloc$memalign) for __free$realloc$memalign
    mallocra.o(i.__realloc$memalign) refers to mallocra.o(i.internal_alloc) for internal_alloc
    mallocra.o(i.__realloc$memalign) refers to mallocra.o(i.__malloc$realloc$memalign) for __malloc$realloc$memalign
    mallocra.o(i.__realloc$memalign) refers to mvars.o(.data) for __microlib_freelist
    mallocra.o(i.internal_alloc) refers to memcpya.o(.text) for __aeabi_memcpy
    mallocra.o(i.internal_alloc) refers to mvars.o(.data) for __microlib_freelist
    entry2.o(.ARM.Collect$$$$00000001) refers to entry2.o(.ARM.Collect$$$$00002712) for __lit__00000000
    entry2.o(.ARM.Collect$$$$00002712) refers to startup_stm32f10x_md.o(STACK) for __initial_sp
    entry2.o(__vectab_stack_and_reset_area) refers to startup_stm32f10x_md.o(STACK) for __initial_sp
    entry2.o(__vectab_stack_and_reset_area) refers to entry.o(.ARM.Collect$$$$00000000) for __main
    entry5.o(.ARM.Collect$$$$00000004) refers to init.o(.text) for __scatterload
    entry9a.o(.ARM.Collect$$$$0000000B) refers to main.o(i.main) for main
    entry9b.o(.ARM.Collect$$$$0000000C) refers to main.o(i.main) for main
    uldiv.o(.text) refers to llushr.o(.text) for __aeabi_llsr
    uldiv.o(.text) refers to llshl.o(.text) for __aeabi_llsl
    dadd.o(.text) refers to llshl.o(.text) for __aeabi_llsl
    dadd.o(.text) refers to llsshr.o(.text) for __aeabi_lasr
    dadd.o(.text) refers to depilogue.o(.text) for _double_epilogue
    dmul.o(.text) refers to depilogue.o(.text) for _double_epilogue
    ddiv.o(.text) refers to depilogue.o(.text) for _double_round
    dfixul.o(.text) refers to llushr.o(.text) for __aeabi_llsr
    dfixul.o(.text) refers to llshl.o(.text) for __aeabi_llsl
    init.o(.text) refers to entry5.o(.ARM.Collect$$$$00000004) for __main_after_scatterload
    depilogue.o(.text) refers to llshl.o(.text) for __aeabi_llsl
    depilogue.o(.text) refers to llushr.o(.text) for __aeabi_llsr


==============================================================================

Removing Unused input sections from the image.

    Removing system_stm32f10x.o(i.SystemCoreClockUpdate), (164 bytes).
    Removing system_stm32f10x.o(.data), (20 bytes).
    Removing usart.o(i.USART1_Putc), (32 bytes).
    Removing usart.o(i.USART1_Puts), (48 bytes).
    Removing usart.o(i.USART2SendByteData), (32 bytes).
    Removing delay.o(i.delay_us), (72 bytes).
    Removing led.o(i.LedToggle), (36 bytes).
    Removing led.o(i.LedTurnOff), (20 bytes).
    Removing led.o(i.LedTurnOn), (20 bytes).
    Removing led.o(.data), (1 bytes).
    Removing mcu_api.o(i.GetResetState), (12 bytes).
    Removing mcu_api.o(i.GetWifiWorkState), (12 bytes).
    Removing mcu_api.o(i.ProGetdpidValueInt), (26 bytes).
    Removing mcu_api.o(i.UartReportStringTypeData), (84 bytes).
    Removing mcu_api.o(i.UartReportValueTypeData), (70 bytes).
    Removing mcu_api.o(i.UartRevStream), (40 bytes).
    Removing mcu_api.o(.constdata), (86 bytes).
    Removing system.o(.constdata), (54 bytes).
    Removing misc.o(i.NVIC_SetVectorTable), (20 bytes).
    Removing misc.o(i.NVIC_SystemLPConfig), (32 bytes).
    Removing stm32f10x_rcc.o(i.RCC_ADCCLKConfig), (24 bytes).
    Removing stm32f10x_rcc.o(i.RCC_AHBPeriphClockCmd), (32 bytes).
    Removing stm32f10x_rcc.o(i.RCC_APB1PeriphResetCmd), (32 bytes).
    Removing stm32f10x_rcc.o(i.RCC_APB2PeriphResetCmd), (32 bytes).
    Removing stm32f10x_rcc.o(i.RCC_AdjustHSICalibrationValue), (24 bytes).
    Removing stm32f10x_rcc.o(i.RCC_BackupResetCmd), (12 bytes).
    Removing stm32f10x_rcc.o(i.RCC_ClearFlag), (20 bytes).
    Removing stm32f10x_rcc.o(i.RCC_ClearITPendingBit), (12 bytes).
    Removing stm32f10x_rcc.o(i.RCC_ClockSecuritySystemCmd), (12 bytes).
    Removing stm32f10x_rcc.o(i.RCC_DeInit), (76 bytes).
    Removing stm32f10x_rcc.o(i.RCC_GetFlagStatus), (60 bytes).
    Removing stm32f10x_rcc.o(i.RCC_GetITStatus), (24 bytes).
    Removing stm32f10x_rcc.o(i.RCC_GetSYSCLKSource), (16 bytes).
    Removing stm32f10x_rcc.o(i.RCC_HCLKConfig), (24 bytes).
    Removing stm32f10x_rcc.o(i.RCC_HSEConfig), (76 bytes).
    Removing stm32f10x_rcc.o(i.RCC_HSICmd), (12 bytes).
    Removing stm32f10x_rcc.o(i.RCC_ITConfig), (32 bytes).
    Removing stm32f10x_rcc.o(i.RCC_LSEConfig), (52 bytes).
    Removing stm32f10x_rcc.o(i.RCC_LSICmd), (12 bytes).
    Removing stm32f10x_rcc.o(i.RCC_MCOConfig), (12 bytes).
    Removing stm32f10x_rcc.o(i.RCC_PCLK1Config), (24 bytes).
    Removing stm32f10x_rcc.o(i.RCC_PCLK2Config), (24 bytes).
    Removing stm32f10x_rcc.o(i.RCC_PLLCmd), (12 bytes).
    Removing stm32f10x_rcc.o(i.RCC_PLLConfig), (28 bytes).
    Removing stm32f10x_rcc.o(i.RCC_RTCCLKCmd), (12 bytes).
    Removing stm32f10x_rcc.o(i.RCC_RTCCLKConfig), (16 bytes).
    Removing stm32f10x_rcc.o(i.RCC_SYSCLKConfig), (24 bytes).
    Removing stm32f10x_rcc.o(i.RCC_USBCLKConfig), (12 bytes).
    Removing stm32f10x_rcc.o(i.RCC_WaitForHSEStartUp), (56 bytes).
    Removing stm32f10x_gpio.o(i.GPIO_AFIODeInit), (20 bytes).
    Removing stm32f10x_gpio.o(i.GPIO_DeInit), (200 bytes).
    Removing stm32f10x_gpio.o(i.GPIO_ETH_MediaInterfaceConfig), (12 bytes).
    Removing stm32f10x_gpio.o(i.GPIO_EXTILineConfig), (64 bytes).
    Removing stm32f10x_gpio.o(i.GPIO_EventOutputCmd), (12 bytes).
    Removing stm32f10x_gpio.o(i.GPIO_EventOutputConfig), (32 bytes).
    Removing stm32f10x_gpio.o(i.GPIO_PinLockConfig), (18 bytes).
    Removing stm32f10x_gpio.o(i.GPIO_PinRemapConfig), (144 bytes).
    Removing stm32f10x_gpio.o(i.GPIO_ReadInputData), (8 bytes).
    Removing stm32f10x_gpio.o(i.GPIO_ReadInputDataBit), (18 bytes).
    Removing stm32f10x_gpio.o(i.GPIO_ReadOutputData), (8 bytes).
    Removing stm32f10x_gpio.o(i.GPIO_ReadOutputDataBit), (18 bytes).
    Removing stm32f10x_gpio.o(i.GPIO_ResetBits), (4 bytes).
    Removing stm32f10x_gpio.o(i.GPIO_SetBits), (4 bytes).
    Removing stm32f10x_gpio.o(i.GPIO_StructInit), (16 bytes).
    Removing stm32f10x_gpio.o(i.GPIO_Write), (4 bytes).
    Removing stm32f10x_gpio.o(i.GPIO_WriteBit), (10 bytes).
    Removing stm32f10x_usart.o(i.USART_ClockInit), (34 bytes).
    Removing stm32f10x_usart.o(i.USART_ClockStructInit), (12 bytes).
    Removing stm32f10x_usart.o(i.USART_DMACmd), (18 bytes).
    Removing stm32f10x_usart.o(i.USART_DeInit), (156 bytes).
    Removing stm32f10x_usart.o(i.USART_HalfDuplexCmd), (24 bytes).
    Removing stm32f10x_usart.o(i.USART_IrDACmd), (24 bytes).
    Removing stm32f10x_usart.o(i.USART_IrDAConfig), (18 bytes).
    Removing stm32f10x_usart.o(i.USART_LINBreakDetectLengthConfig), (18 bytes).
    Removing stm32f10x_usart.o(i.USART_LINCmd), (24 bytes).
    Removing stm32f10x_usart.o(i.USART_OneBitMethodCmd), (24 bytes).
    Removing stm32f10x_usart.o(i.USART_OverSampling8Cmd), (22 bytes).
    Removing stm32f10x_usart.o(i.USART_ReceiverWakeUpCmd), (24 bytes).
    Removing stm32f10x_usart.o(i.USART_SendBreak), (10 bytes).
    Removing stm32f10x_usart.o(i.USART_SetAddress), (18 bytes).
    Removing stm32f10x_usart.o(i.USART_SetGuardTime), (16 bytes).
    Removing stm32f10x_usart.o(i.USART_SetPrescaler), (16 bytes).
    Removing stm32f10x_usart.o(i.USART_SmartCardCmd), (24 bytes).
    Removing stm32f10x_usart.o(i.USART_SmartCardNACKCmd), (24 bytes).
    Removing stm32f10x_usart.o(i.USART_StructInit), (24 bytes).
    Removing stm32f10x_usart.o(i.USART_WakeUpConfig), (18 bytes).
    Removing stm32f10x_tim.o(i.TI1_Config), (128 bytes).
    Removing stm32f10x_tim.o(i.TI2_Config), (152 bytes).
    Removing stm32f10x_tim.o(i.TI3_Config), (144 bytes).
    Removing stm32f10x_tim.o(i.TI4_Config), (152 bytes).
    Removing stm32f10x_tim.o(i.TIM_ARRPreloadConfig), (24 bytes).
    Removing stm32f10x_tim.o(i.TIM_BDTRConfig), (32 bytes).
    Removing stm32f10x_tim.o(i.TIM_BDTRStructInit), (18 bytes).
    Removing stm32f10x_tim.o(i.TIM_CCPreloadControl), (24 bytes).
    Removing stm32f10x_tim.o(i.TIM_CCxCmd), (30 bytes).
    Removing stm32f10x_tim.o(i.TIM_CCxNCmd), (30 bytes).
    Removing stm32f10x_tim.o(i.TIM_ClearFlag), (6 bytes).
    Removing stm32f10x_tim.o(i.TIM_ClearITPendingBit), (6 bytes).
    Removing stm32f10x_tim.o(i.TIM_ClearOC1Ref), (18 bytes).
    Removing stm32f10x_tim.o(i.TIM_ClearOC2Ref), (24 bytes).
    Removing stm32f10x_tim.o(i.TIM_ClearOC3Ref), (18 bytes).
    Removing stm32f10x_tim.o(i.TIM_ClearOC4Ref), (24 bytes).
    Removing stm32f10x_tim.o(i.TIM_Cmd), (24 bytes).
    Removing stm32f10x_tim.o(i.TIM_CounterModeConfig), (18 bytes).
    Removing stm32f10x_tim.o(i.TIM_CtrlPWMOutputs), (30 bytes).
    Removing stm32f10x_tim.o(i.TIM_DMACmd), (18 bytes).
    Removing stm32f10x_tim.o(i.TIM_DMAConfig), (10 bytes).
    Removing stm32f10x_tim.o(i.TIM_DeInit), (488 bytes).
    Removing stm32f10x_tim.o(i.TIM_ETRClockMode1Config), (54 bytes).
    Removing stm32f10x_tim.o(i.TIM_ETRClockMode2Config), (32 bytes).
    Removing stm32f10x_tim.o(i.TIM_ETRConfig), (28 bytes).
    Removing stm32f10x_tim.o(i.TIM_EncoderInterfaceConfig), (66 bytes).
    Removing stm32f10x_tim.o(i.TIM_ForcedOC1Config), (18 bytes).
    Removing stm32f10x_tim.o(i.TIM_ForcedOC2Config), (26 bytes).
    Removing stm32f10x_tim.o(i.TIM_ForcedOC3Config), (18 bytes).
    Removing stm32f10x_tim.o(i.TIM_ForcedOC4Config), (26 bytes).
    Removing stm32f10x_tim.o(i.TIM_GenerateEvent), (4 bytes).
    Removing stm32f10x_tim.o(i.TIM_GetCapture1), (6 bytes).
    Removing stm32f10x_tim.o(i.TIM_GetCapture2), (6 bytes).
    Removing stm32f10x_tim.o(i.TIM_GetCapture3), (6 bytes).
    Removing stm32f10x_tim.o(i.TIM_GetCapture4), (8 bytes).
    Removing stm32f10x_tim.o(i.TIM_GetCounter), (6 bytes).
    Removing stm32f10x_tim.o(i.TIM_GetFlagStatus), (18 bytes).
    Removing stm32f10x_tim.o(i.TIM_GetITStatus), (34 bytes).
    Removing stm32f10x_tim.o(i.TIM_GetPrescaler), (6 bytes).
    Removing stm32f10x_tim.o(i.TIM_ICInit), (172 bytes).
    Removing stm32f10x_tim.o(i.TIM_ICStructInit), (18 bytes).
    Removing stm32f10x_tim.o(i.TIM_ITConfig), (18 bytes).
    Removing stm32f10x_tim.o(i.TIM_ITRxExternalClockConfig), (24 bytes).
    Removing stm32f10x_tim.o(i.TIM_InternalClockConfig), (12 bytes).
    Removing stm32f10x_tim.o(i.TIM_OC1FastConfig), (18 bytes).
    Removing stm32f10x_tim.o(i.TIM_OC1Init), (152 bytes).
    Removing stm32f10x_tim.o(i.TIM_OC1NPolarityConfig), (18 bytes).
    Removing stm32f10x_tim.o(i.TIM_OC1PolarityConfig), (18 bytes).
    Removing stm32f10x_tim.o(i.TIM_OC1PreloadConfig), (18 bytes).
    Removing stm32f10x_tim.o(i.TIM_OC2FastConfig), (26 bytes).
    Removing stm32f10x_tim.o(i.TIM_OC2Init), (164 bytes).
    Removing stm32f10x_tim.o(i.TIM_OC2NPolarityConfig), (26 bytes).
    Removing stm32f10x_tim.o(i.TIM_OC2PolarityConfig), (26 bytes).
    Removing stm32f10x_tim.o(i.TIM_OC2PreloadConfig), (26 bytes).
    Removing stm32f10x_tim.o(i.TIM_OC3FastConfig), (18 bytes).
    Removing stm32f10x_tim.o(i.TIM_OC3Init), (160 bytes).
    Removing stm32f10x_tim.o(i.TIM_OC3NPolarityConfig), (26 bytes).
    Removing stm32f10x_tim.o(i.TIM_OC3PolarityConfig), (26 bytes).
    Removing stm32f10x_tim.o(i.TIM_OC3PreloadConfig), (18 bytes).
    Removing stm32f10x_tim.o(i.TIM_OC4FastConfig), (26 bytes).
    Removing stm32f10x_tim.o(i.TIM_OC4Init), (124 bytes).
    Removing stm32f10x_tim.o(i.TIM_OC4PolarityConfig), (26 bytes).
    Removing stm32f10x_tim.o(i.TIM_OC4PreloadConfig), (26 bytes).
    Removing stm32f10x_tim.o(i.TIM_OCStructInit), (20 bytes).
    Removing stm32f10x_tim.o(i.TIM_PWMIConfig), (124 bytes).
    Removing stm32f10x_tim.o(i.TIM_PrescalerConfig), (6 bytes).
    Removing stm32f10x_tim.o(i.TIM_SelectCCDMA), (24 bytes).
    Removing stm32f10x_tim.o(i.TIM_SelectCOM), (24 bytes).
    Removing stm32f10x_tim.o(i.TIM_SelectHallSensor), (24 bytes).
    Removing stm32f10x_tim.o(i.TIM_SelectInputTrigger), (18 bytes).
    Removing stm32f10x_tim.o(i.TIM_SelectMasterSlaveMode), (18 bytes).
    Removing stm32f10x_tim.o(i.TIM_SelectOCxM), (82 bytes).
    Removing stm32f10x_tim.o(i.TIM_SelectOnePulseMode), (18 bytes).
    Removing stm32f10x_tim.o(i.TIM_SelectOutputTrigger), (18 bytes).
    Removing stm32f10x_tim.o(i.TIM_SelectSlaveMode), (18 bytes).
    Removing stm32f10x_tim.o(i.TIM_SetAutoreload), (4 bytes).
    Removing stm32f10x_tim.o(i.TIM_SetClockDivision), (18 bytes).
    Removing stm32f10x_tim.o(i.TIM_SetCompare1), (4 bytes).
    Removing stm32f10x_tim.o(i.TIM_SetCompare2), (4 bytes).
    Removing stm32f10x_tim.o(i.TIM_SetCompare3), (4 bytes).
    Removing stm32f10x_tim.o(i.TIM_SetCompare4), (6 bytes).
    Removing stm32f10x_tim.o(i.TIM_SetCounter), (4 bytes).
    Removing stm32f10x_tim.o(i.TIM_SetIC1Prescaler), (18 bytes).
    Removing stm32f10x_tim.o(i.TIM_SetIC2Prescaler), (26 bytes).
    Removing stm32f10x_tim.o(i.TIM_SetIC3Prescaler), (18 bytes).
    Removing stm32f10x_tim.o(i.TIM_SetIC4Prescaler), (26 bytes).
    Removing stm32f10x_tim.o(i.TIM_TIxExternalClockConfig), (62 bytes).
    Removing stm32f10x_tim.o(i.TIM_TimeBaseInit), (164 bytes).
    Removing stm32f10x_tim.o(i.TIM_TimeBaseStructInit), (18 bytes).
    Removing stm32f10x_tim.o(i.TIM_UpdateDisableConfig), (24 bytes).
    Removing stm32f10x_tim.o(i.TIM_UpdateRequestConfig), (24 bytes).
    Removing stm32f10x_dma.o(i.DMA_ClearFlag), (28 bytes).
    Removing stm32f10x_dma.o(i.DMA_ClearITPendingBit), (28 bytes).
    Removing stm32f10x_dma.o(i.DMA_Cmd), (24 bytes).
    Removing stm32f10x_dma.o(i.DMA_DeInit), (332 bytes).
    Removing stm32f10x_dma.o(i.DMA_GetCurrDataCounter), (8 bytes).
    Removing stm32f10x_dma.o(i.DMA_GetFlagStatus), (44 bytes).
    Removing stm32f10x_dma.o(i.DMA_GetITStatus), (44 bytes).
    Removing stm32f10x_dma.o(i.DMA_ITConfig), (18 bytes).
    Removing stm32f10x_dma.o(i.DMA_Init), (60 bytes).
    Removing stm32f10x_dma.o(i.DMA_SetCurrDataCounter), (4 bytes).
    Removing stm32f10x_dma.o(i.DMA_StructInit), (26 bytes).
    Removing stm32f10x_exti.o(i.EXTI_ClearFlag), (12 bytes).
    Removing stm32f10x_exti.o(i.EXTI_ClearITPendingBit), (12 bytes).
    Removing stm32f10x_exti.o(i.EXTI_DeInit), (36 bytes).
    Removing stm32f10x_exti.o(i.EXTI_GenerateSWInterrupt), (16 bytes).
    Removing stm32f10x_exti.o(i.EXTI_GetFlagStatus), (24 bytes).
    Removing stm32f10x_exti.o(i.EXTI_GetITStatus), (40 bytes).
    Removing stm32f10x_exti.o(i.EXTI_Init), (148 bytes).
    Removing stm32f10x_exti.o(i.EXTI_StructInit), (16 bytes).
    Removing stm32f10x_flash.o(i.FLASH_ClearFlag), (12 bytes).
    Removing stm32f10x_flash.o(i.FLASH_EnableWriteProtection), (196 bytes).
    Removing stm32f10x_flash.o(i.FLASH_EraseAllBank1Pages), (72 bytes).
    Removing stm32f10x_flash.o(i.FLASH_EraseAllPages), (72 bytes).
    Removing stm32f10x_flash.o(i.FLASH_EraseOptionBytes), (168 bytes).
    Removing stm32f10x_flash.o(i.FLASH_ErasePage), (76 bytes).
    Removing stm32f10x_flash.o(i.FLASH_GetBank1Status), (52 bytes).
    Removing stm32f10x_flash.o(i.FLASH_GetFlagStatus), (48 bytes).
    Removing stm32f10x_flash.o(i.FLASH_GetPrefetchBufferStatus), (24 bytes).
    Removing stm32f10x_flash.o(i.FLASH_GetReadOutProtectionStatus), (24 bytes).
    Removing stm32f10x_flash.o(i.FLASH_GetStatus), (52 bytes).
    Removing stm32f10x_flash.o(i.FLASH_GetUserOptionByte), (12 bytes).
    Removing stm32f10x_flash.o(i.FLASH_GetWriteProtectionOptionByte), (12 bytes).
    Removing stm32f10x_flash.o(i.FLASH_HalfCycleAccessCmd), (28 bytes).
    Removing stm32f10x_flash.o(i.FLASH_ITConfig), (32 bytes).
    Removing stm32f10x_flash.o(i.FLASH_Lock), (20 bytes).
    Removing stm32f10x_flash.o(i.FLASH_LockBank1), (20 bytes).
    Removing stm32f10x_flash.o(i.FLASH_PrefetchBufferCmd), (28 bytes).
    Removing stm32f10x_flash.o(i.FLASH_ProgramHalfWord), (64 bytes).
    Removing stm32f10x_flash.o(i.FLASH_ProgramOptionByteData), (84 bytes).
    Removing stm32f10x_flash.o(i.FLASH_ProgramWord), (108 bytes).
    Removing stm32f10x_flash.o(i.FLASH_ReadOutProtection), (172 bytes).
    Removing stm32f10x_flash.o(i.FLASH_SetLatency), (24 bytes).
    Removing stm32f10x_flash.o(i.FLASH_Unlock), (24 bytes).
    Removing stm32f10x_flash.o(i.FLASH_UnlockBank1), (24 bytes).
    Removing stm32f10x_flash.o(i.FLASH_UserOptionByteConfig), (104 bytes).
    Removing stm32f10x_flash.o(i.FLASH_WaitForLastBank1Operation), (38 bytes).
    Removing stm32f10x_flash.o(i.FLASH_WaitForLastOperation), (38 bytes).
    Removing stm32f10x_i2c.o(i.I2C_ARPCmd), (24 bytes).
    Removing stm32f10x_i2c.o(i.I2C_AcknowledgeConfig), (24 bytes).
    Removing stm32f10x_i2c.o(i.I2C_CalculatePEC), (24 bytes).
    Removing stm32f10x_i2c.o(i.I2C_CheckEvent), (42 bytes).
    Removing stm32f10x_i2c.o(i.I2C_ClearFlag), (12 bytes).
    Removing stm32f10x_i2c.o(i.I2C_ClearITPendingBit), (12 bytes).
    Removing stm32f10x_i2c.o(i.I2C_Cmd), (24 bytes).
    Removing stm32f10x_i2c.o(i.I2C_DMACmd), (24 bytes).
    Removing stm32f10x_i2c.o(i.I2C_DMALastTransferCmd), (24 bytes).
    Removing stm32f10x_i2c.o(i.I2C_DeInit), (56 bytes).
    Removing stm32f10x_i2c.o(i.I2C_DualAddressCmd), (24 bytes).
    Removing stm32f10x_i2c.o(i.I2C_FastModeDutyCycleConfig), (28 bytes).
    Removing stm32f10x_i2c.o(i.I2C_GeneralCallCmd), (24 bytes).
    Removing stm32f10x_i2c.o(i.I2C_GenerateSTART), (24 bytes).
    Removing stm32f10x_i2c.o(i.I2C_GenerateSTOP), (24 bytes).
    Removing stm32f10x_i2c.o(i.I2C_GetFlagStatus), (58 bytes).
    Removing stm32f10x_i2c.o(i.I2C_GetITStatus), (38 bytes).
    Removing stm32f10x_i2c.o(i.I2C_GetLastEvent), (26 bytes).
    Removing stm32f10x_i2c.o(i.I2C_GetPEC), (8 bytes).
    Removing stm32f10x_i2c.o(i.I2C_ITConfig), (18 bytes).
    Removing stm32f10x_i2c.o(i.I2C_Init), (236 bytes).
    Removing stm32f10x_i2c.o(i.I2C_NACKPositionConfig), (28 bytes).
    Removing stm32f10x_i2c.o(i.I2C_OwnAddress2Config), (22 bytes).
    Removing stm32f10x_i2c.o(i.I2C_PECPositionConfig), (28 bytes).
    Removing stm32f10x_i2c.o(i.I2C_ReadRegister), (22 bytes).
    Removing stm32f10x_i2c.o(i.I2C_ReceiveData), (8 bytes).
    Removing stm32f10x_i2c.o(i.I2C_SMBusAlertConfig), (28 bytes).
    Removing stm32f10x_i2c.o(i.I2C_Send7bitAddress), (18 bytes).
    Removing stm32f10x_i2c.o(i.I2C_SendData), (4 bytes).
    Removing stm32f10x_i2c.o(i.I2C_SoftwareResetCmd), (22 bytes).
    Removing stm32f10x_i2c.o(i.I2C_StretchClockCmd), (24 bytes).
    Removing stm32f10x_i2c.o(i.I2C_StructInit), (30 bytes).
    Removing stm32f10x_i2c.o(i.I2C_TransmitPEC), (24 bytes).
    Removing stm32f10x_spi.o(i.I2S_Cmd), (24 bytes).
    Removing stm32f10x_spi.o(i.I2S_Init), (232 bytes).
    Removing stm32f10x_spi.o(i.I2S_StructInit), (20 bytes).
    Removing stm32f10x_spi.o(i.SPI_BiDirectionalLineConfig), (28 bytes).
    Removing stm32f10x_spi.o(i.SPI_CalculateCRC), (24 bytes).
    Removing stm32f10x_spi.o(i.SPI_Cmd), (24 bytes).
    Removing stm32f10x_spi.o(i.SPI_DataSizeConfig), (18 bytes).
    Removing stm32f10x_spi.o(i.SPI_GetCRC), (16 bytes).
    Removing stm32f10x_spi.o(i.SPI_GetCRCPolynomial), (6 bytes).
    Removing stm32f10x_spi.o(i.SPI_I2S_ClearFlag), (6 bytes).
    Removing stm32f10x_spi.o(i.SPI_I2S_ClearITPendingBit), (20 bytes).
    Removing stm32f10x_spi.o(i.SPI_I2S_DMACmd), (18 bytes).
    Removing stm32f10x_spi.o(i.SPI_I2S_DeInit), (88 bytes).
    Removing stm32f10x_spi.o(i.SPI_I2S_GetFlagStatus), (18 bytes).
    Removing stm32f10x_spi.o(i.SPI_I2S_GetITStatus), (52 bytes).
    Removing stm32f10x_spi.o(i.SPI_I2S_ITConfig), (32 bytes).
    Removing stm32f10x_spi.o(i.SPI_I2S_ReceiveData), (6 bytes).
    Removing stm32f10x_spi.o(i.SPI_I2S_SendData), (4 bytes).
    Removing stm32f10x_spi.o(i.SPI_Init), (60 bytes).
    Removing stm32f10x_spi.o(i.SPI_NSSInternalSoftwareConfig), (30 bytes).
    Removing stm32f10x_spi.o(i.SPI_SSOutputCmd), (24 bytes).
    Removing stm32f10x_spi.o(i.SPI_StructInit), (24 bytes).
    Removing stm32f10x_spi.o(i.SPI_TransmitCRC), (10 bytes).
    Removing stm32f10x_fsmc.o(i.FSMC_ClearFlag), (64 bytes).
    Removing stm32f10x_fsmc.o(i.FSMC_ClearITPendingBit), (72 bytes).
    Removing stm32f10x_fsmc.o(i.FSMC_GetECC), (28 bytes).
    Removing stm32f10x_fsmc.o(i.FSMC_GetFlagStatus), (56 bytes).
    Removing stm32f10x_fsmc.o(i.FSMC_GetITStatus), (68 bytes).
    Removing stm32f10x_fsmc.o(i.FSMC_ITConfig), (128 bytes).
    Removing stm32f10x_fsmc.o(i.FSMC_NANDCmd), (92 bytes).
    Removing stm32f10x_fsmc.o(i.FSMC_NANDDeInit), (68 bytes).
    Removing stm32f10x_fsmc.o(i.FSMC_NANDECCCmd), (92 bytes).
    Removing stm32f10x_fsmc.o(i.FSMC_NANDInit), (136 bytes).
    Removing stm32f10x_fsmc.o(i.FSMC_NANDStructInit), (54 bytes).
    Removing stm32f10x_fsmc.o(i.FSMC_NORSRAMCmd), (52 bytes).
    Removing stm32f10x_fsmc.o(i.FSMC_NORSRAMDeInit), (54 bytes).
    Removing stm32f10x_fsmc.o(i.FSMC_NORSRAMInit), (230 bytes).
    Removing stm32f10x_fsmc.o(i.FSMC_NORSRAMStructInit), (114 bytes).
    Removing stm32f10x_fsmc.o(i.FSMC_PCCARDCmd), (48 bytes).
    Removing stm32f10x_fsmc.o(i.FSMC_PCCARDDeInit), (40 bytes).
    Removing stm32f10x_fsmc.o(i.FSMC_PCCARDInit), (132 bytes).
    Removing stm32f10x_fsmc.o(i.FSMC_PCCARDStructInit), (60 bytes).
    Removing stm32f10x_systick.o(i.SysTick_GetCounter), (8 bytes).
    Removing core_cm3.o(.emb_text), (32 bytes).
    Removing startup_stm32f10x_md.o(HEAP), (512 bytes).
    Removing dadd.o(.text), (334 bytes).
    Removing dmul.o(.text), (228 bytes).
    Removing ddiv.o(.text), (222 bytes).
    Removing dfixul.o(.text), (48 bytes).
    Removing cdrcmple.o(.text), (48 bytes).
    Removing depilogue.o(.text), (186 bytes).

308 unused section(s) (total 14179 bytes) removed from the image.

==============================================================================

Image Symbol Table

    Local Symbols

    Symbol Name                              Value     Ov Type        Size  Object(Section)

    ../clib/microlib/ctype/ctype.c           0x00000000   Number         0  ispunct_o.o ABSOLUTE
    ../clib/microlib/ctype/ctype.c           0x00000000   Number         0  islower_o.o ABSOLUTE
    ../clib/microlib/ctype/ctype.c           0x00000000   Number         0  isgraph_o.o ABSOLUTE
    ../clib/microlib/ctype/ctype.c           0x00000000   Number         0  isdigit_o.o ABSOLUTE
    ../clib/microlib/ctype/ctype.c           0x00000000   Number         0  iscntrl_o.o ABSOLUTE
    ../clib/microlib/ctype/ctype.c           0x00000000   Number         0  isblank_o.o ABSOLUTE
    ../clib/microlib/ctype/ctype.c           0x00000000   Number         0  isalpha_o.o ABSOLUTE
    ../clib/microlib/ctype/ctype.c           0x00000000   Number         0  isalnum_o.o ABSOLUTE
    ../clib/microlib/ctype/ctype.c           0x00000000   Number         0  ctype_o.o ABSOLUTE
    ../clib/microlib/ctype/ctype.c           0x00000000   Number         0  isspace_o.o ABSOLUTE
    ../clib/microlib/ctype/ctype.c           0x00000000   Number         0  isupper_o.o ABSOLUTE
    ../clib/microlib/ctype/ctype.c           0x00000000   Number         0  isxdigit_o.o ABSOLUTE
    ../clib/microlib/ctype/ctype.c           0x00000000   Number         0  isprint_o.o ABSOLUTE
    ../clib/microlib/division.c              0x00000000   Number         0  uidiv.o ABSOLUTE
    ../clib/microlib/division.c              0x00000000   Number         0  uldiv.o ABSOLUTE
    ../clib/microlib/init/entry.s            0x00000000   Number         0  entry10b.o ABSOLUTE
    ../clib/microlib/init/entry.s            0x00000000   Number         0  entry11a.o ABSOLUTE
    ../clib/microlib/init/entry.s            0x00000000   Number         0  entry11b.o ABSOLUTE
    ../clib/microlib/init/entry.s            0x00000000   Number         0  entry8b.o ABSOLUTE
    ../clib/microlib/init/entry.s            0x00000000   Number         0  entry9a.o ABSOLUTE
    ../clib/microlib/init/entry.s            0x00000000   Number         0  entry9b.o ABSOLUTE
    ../clib/microlib/init/entry.s            0x00000000   Number         0  entry.o ABSOLUTE
    ../clib/microlib/init/entry.s            0x00000000   Number         0  entry10a.o ABSOLUTE
    ../clib/microlib/init/entry.s            0x00000000   Number         0  entry2.o ABSOLUTE
    ../clib/microlib/init/entry.s            0x00000000   Number         0  entry5.o ABSOLUTE
    ../clib/microlib/init/entry.s            0x00000000   Number         0  entry7a.o ABSOLUTE
    ../clib/microlib/init/entry.s            0x00000000   Number         0  entry7b.o ABSOLUTE
    ../clib/microlib/init/entry.s            0x00000000   Number         0  entry8a.o ABSOLUTE
    ../clib/microlib/longlong.c              0x00000000   Number         0  llshl.o ABSOLUTE
    ../clib/microlib/longlong.c              0x00000000   Number         0  llushr.o ABSOLUTE
    ../clib/microlib/longlong.c              0x00000000   Number         0  llsshr.o ABSOLUTE
    ../clib/microlib/malloc/malloc.c         0x00000000   Number         0  malloca.o ABSOLUTE
    ../clib/microlib/malloc/malloc.c         0x00000000   Number         0  mallocra.o ABSOLUTE
    ../clib/microlib/malloc/malloc.c         0x00000000   Number         0  malloc.o ABSOLUTE
    ../clib/microlib/malloc/malloc.c         0x00000000   Number         0  mallocr.o ABSOLUTE
    ../clib/microlib/malloc/mvars.c          0x00000000   Number         0  mvars.o ABSOLUTE
    ../clib/microlib/printf/printf.c         0x00000000   Number         0  printfa.o ABSOLUTE
    ../clib/microlib/printf/printf.c         0x00000000   Number         0  printf8.o ABSOLUTE
    ../clib/microlib/printf/printf.c         0x00000000   Number         0  printf7.o ABSOLUTE
    ../clib/microlib/printf/printf.c         0x00000000   Number         0  printf6.o ABSOLUTE
    ../clib/microlib/printf/printf.c         0x00000000   Number         0  printf5.o ABSOLUTE
    ../clib/microlib/printf/printf.c         0x00000000   Number         0  printf4.o ABSOLUTE
    ../clib/microlib/printf/printf.c         0x00000000   Number         0  printf3.o ABSOLUTE
    ../clib/microlib/printf/printf.c         0x00000000   Number         0  printf2.o ABSOLUTE
    ../clib/microlib/printf/printf.c         0x00000000   Number         0  printf1.o ABSOLUTE
    ../clib/microlib/printf/printf.c         0x00000000   Number         0  printf0.o ABSOLUTE
    ../clib/microlib/printf/printf.c         0x00000000   Number         0  printfb.o ABSOLUTE
    ../clib/microlib/printf/stubs.s          0x00000000   Number         0  stubs.o ABSOLUTE
    ../clib/microlib/stdio/streams.c         0x00000000   Number         0  stdout.o ABSOLUTE
    ../clib/microlib/string/memcpy.c         0x00000000   Number         0  memcpyb.o ABSOLUTE
    ../clib/microlib/string/memcpy.c         0x00000000   Number         0  memcpya.o ABSOLUTE
    ../clib/microlib/string/memset.c         0x00000000   Number         0  memseta.o ABSOLUTE
    ../clib/microlib/string/strcmp.c         0x00000000   Number         0  strcmp.o ABSOLUTE
    ../clib/microlib/string/strlen.c         0x00000000   Number         0  strlen.o ABSOLUTE
    ../clib/microlib/stubs.s                 0x00000000   Number         0  iusefp.o ABSOLUTE
    ../fplib/microlib/fpadd.c                0x00000000   Number         0  dadd.o ABSOLUTE
    ../fplib/microlib/fpdiv.c                0x00000000   Number         0  ddiv.o ABSOLUTE
    ../fplib/microlib/fpepilogue.c           0x00000000   Number         0  depilogue.o ABSOLUTE
    ../fplib/microlib/fpfix.c                0x00000000   Number         0  dfixul.o ABSOLUTE
    ../fplib/microlib/fpmul.c                0x00000000   Number         0  dmul.o ABSOLUTE
    ..\Application\Cmd.c                     0x00000000   Number         0  cmd.o ABSOLUTE
    ..\Application\Command.c                 0x00000000   Number         0  command.o ABSOLUTE
    ..\Application\delay.c                   0x00000000   Number         0  delay.o ABSOLUTE
    ..\Application\led.c                     0x00000000   Number         0  led.o ABSOLUTE
    ..\Application\usart.c                   0x00000000   Number         0  usart.o ABSOLUTE
    ..\Libraries\CMSIS\CM3\CoreSupport\core_cm3.c 0x00000000   Number         0  core_cm3.o ABSOLUTE
    ..\Libraries\CMSIS\CM3\DeviceSupport\ST\STM32F10x\startup\arm\startup_stm32f10x_md.s 0x00000000   Number         0  startup_stm32f10x_md.o ABSOLUTE
    ..\Libraries\STM32F10x_StdPeriph_Driver\src\misc.c 0x00000000   Number         0  misc.o ABSOLUTE
    ..\Libraries\STM32F10x_StdPeriph_Driver\src\stm32f10x_dma.c 0x00000000   Number         0  stm32f10x_dma.o ABSOLUTE
    ..\Libraries\STM32F10x_StdPeriph_Driver\src\stm32f10x_exti.c 0x00000000   Number         0  stm32f10x_exti.o ABSOLUTE
    ..\Libraries\STM32F10x_StdPeriph_Driver\src\stm32f10x_flash.c 0x00000000   Number         0  stm32f10x_flash.o ABSOLUTE
    ..\Libraries\STM32F10x_StdPeriph_Driver\src\stm32f10x_fsmc.c 0x00000000   Number         0  stm32f10x_fsmc.o ABSOLUTE
    ..\Libraries\STM32F10x_StdPeriph_Driver\src\stm32f10x_gpio.c 0x00000000   Number         0  stm32f10x_gpio.o ABSOLUTE
    ..\Libraries\STM32F10x_StdPeriph_Driver\src\stm32f10x_i2c.c 0x00000000   Number         0  stm32f10x_i2c.o ABSOLUTE
    ..\Libraries\STM32F10x_StdPeriph_Driver\src\stm32f10x_rcc.c 0x00000000   Number         0  stm32f10x_rcc.o ABSOLUTE
    ..\Libraries\STM32F10x_StdPeriph_Driver\src\stm32f10x_spi.c 0x00000000   Number         0  stm32f10x_spi.o ABSOLUTE
    ..\Libraries\STM32F10x_StdPeriph_Driver\src\stm32f10x_systick.c 0x00000000   Number         0  stm32f10x_systick.o ABSOLUTE
    ..\Libraries\STM32F10x_StdPeriph_Driver\src\stm32f10x_tim.c 0x00000000   Number         0  stm32f10x_tim.o ABSOLUTE
    ..\Libraries\STM32F10x_StdPeriph_Driver\src\stm32f10x_usart.c 0x00000000   Number         0  stm32f10x_usart.o ABSOLUTE
    ..\Main\main.c                           0x00000000   Number         0  main.o ABSOLUTE
    ..\Main\stm32f10x_it.c                   0x00000000   Number         0  stm32f10x_it.o ABSOLUTE
    ..\Main\system_stm32f10x.c               0x00000000   Number         0  system_stm32f10x.o ABSOLUTE
    ..\\Libraries\\CMSIS\\CM3\\CoreSupport\\core_cm3.c 0x00000000   Number         0  core_cm3.o ABSOLUTE
    ..\mcu_sdk\src\mcu_api.c                 0x00000000   Number         0  mcu_api.o ABSOLUTE
    ..\mcu_sdk\src\protocol.c                0x00000000   Number         0  protocol.o ABSOLUTE
    ..\mcu_sdk\src\system.c                  0x00000000   Number         0  system.o ABSOLUTE
    cdrcmple.s                               0x00000000   Number         0  cdrcmple.o ABSOLUTE
    dc.s                                     0x00000000   Number         0  dc.o ABSOLUTE
    handlers.s                               0x00000000   Number         0  handlers.o ABSOLUTE
    init.s                                   0x00000000   Number         0  init.o ABSOLUTE
    RESET                                    0x08000000   Section      236  startup_stm32f10x_md.o(RESET)
    .ARM.Collect$$$$00000000                 0x080000ec   Section        0  entry.o(.ARM.Collect$$$$00000000)
    .ARM.Collect$$$$00000001                 0x080000ec   Section        4  entry2.o(.ARM.Collect$$$$00000001)
    .ARM.Collect$$$$00000004                 0x080000f0   Section        4  entry5.o(.ARM.Collect$$$$00000004)
    .ARM.Collect$$$$00000008                 0x080000f4   Section        0  entry7b.o(.ARM.Collect$$$$00000008)
    .ARM.Collect$$$$0000000A                 0x080000f4   Section        0  entry8b.o(.ARM.Collect$$$$0000000A)
    .ARM.Collect$$$$0000000B                 0x080000f4   Section        8  entry9a.o(.ARM.Collect$$$$0000000B)
    .ARM.Collect$$$$0000000D                 0x080000fc   Section        0  entry10a.o(.ARM.Collect$$$$0000000D)
    .ARM.Collect$$$$0000000F                 0x080000fc   Section        0  entry11a.o(.ARM.Collect$$$$0000000F)
    .ARM.Collect$$$$00002712                 0x080000fc   Section        4  entry2.o(.ARM.Collect$$$$00002712)
    __lit__00000000                          0x080000fc   Data           4  entry2.o(.ARM.Collect$$$$00002712)
    .text                                    0x08000100   Section       36  startup_stm32f10x_md.o(.text)
    .text                                    0x08000124   Section        0  ctype_o.o(.text)
    .text                                    0x0800012c   Section        0  memcpya.o(.text)
    .text                                    0x08000150   Section        0  memseta.o(.text)
    .text                                    0x08000174   Section        0  strlen.o(.text)
    .text                                    0x08000182   Section        0  strcmp.o(.text)
    .text                                    0x080001a0   Section       36  init.o(.text)
    i.BusFault_Handler                       0x080001c4   Section        0  stm32f10x_it.o(i.BusFault_Handler)
    i.Cmd_AddEntrance                        0x080001c8   Section        0  cmd.o(i.Cmd_AddEntrance)
    i.Cmd_Handle                             0x080001f8   Section        0  cmd.o(i.Cmd_Handle)
    i.Command_Init                           0x080002a8   Section        0  command.o(i.Command_Init)
    i.ControlLightModeState                  0x080002cc   Section        0  protocol.o(i.ControlLightModeState)
    ControlLightModeState                    0x080002cd   Thumb Code    48  protocol.o(i.ControlLightModeState)
    i.ControlLightSwitchState                0x08000300   Section        0  protocol.o(i.ControlLightSwitchState)
    ControlLightSwitchState                  0x08000301   Thumb Code    26  protocol.o(i.ControlLightSwitchState)
    i.ControlModeState                       0x08000320   Section        0  protocol.o(i.ControlModeState)
    ControlModeState                         0x08000321   Thumb Code    54  protocol.o(i.ControlModeState)
    i.ControlModeSwitchState                 0x0800035c   Section        0  protocol.o(i.ControlModeSwitchState)
    ControlModeSwitchState                   0x0800035d   Thumb Code    26  protocol.o(i.ControlModeSwitchState)
    i.ControlPowerstateState                 0x0800037c   Section        0  protocol.o(i.ControlPowerstateState)
    ControlPowerstateState                   0x0800037d   Thumb Code    26  protocol.o(i.ControlPowerstateState)
    i.DebugMon_Handler                       0x0800039c   Section        0  stm32f10x_it.o(i.DebugMon_Handler)
    i.GPIO_Init                              0x0800039e   Section        0  stm32f10x_gpio.o(i.GPIO_Init)
    i.GetCmdIdIndex                          0x080004b4   Section        0  protocol.o(i.GetCmdIdIndex)
    i.HardFault_Handler                      0x080004dc   Section        0  stm32f10x_it.o(i.HardFault_Handler)
    i.LedInit                                0x080004e0   Section        0  led.o(i.LedInit)
    i.MemManage_Handler                      0x0800050c   Section        0  stm32f10x_it.o(i.MemManage_Handler)
    i.NMI_Handler                            0x08000510   Section        0  stm32f10x_it.o(i.NMI_Handler)
    i.NVIC_Init                              0x08000514   Section        0  misc.o(i.NVIC_Init)
    i.NVIC_PriorityGroupConfig               0x08000584   Section        0  misc.o(i.NVIC_PriorityGroupConfig)
    i.PendSV_Handler                         0x08000598   Section        0  stm32f10x_it.o(i.PendSV_Handler)
    i.ProGetdpidValueBool                    0x0800059a   Section        0  mcu_api.o(i.ProGetdpidValueBool)
    i.ProGetdpidValueEnum                    0x080005a8   Section        0  mcu_api.o(i.ProGetdpidValueEnum)
    i.ProcessDataCmd                         0x080005c4   Section        0  protocol.o(i.ProcessDataCmd)
    i.ProcessReportDataInfo                  0x08000608   Section        0  system.o(i.ProcessReportDataInfo)
    i.ProcessUartCmd                         0x080006a8   Section        0  system.o(i.ProcessUartCmd)
    i.RCC_APB1PeriphClockCmd                 0x08000760   Section        0  stm32f10x_rcc.o(i.RCC_APB1PeriphClockCmd)
    i.RCC_APB2PeriphClockCmd                 0x08000780   Section        0  stm32f10x_rcc.o(i.RCC_APB2PeriphClockCmd)
    i.RCC_GetClocksFreq                      0x080007a0   Section        0  stm32f10x_rcc.o(i.RCC_GetClocksFreq)
    i.ReportAllDeviceState                   0x08000874   Section        0  protocol.o(i.ReportAllDeviceState)
    i.SVC_Handler                            0x080008c0   Section        0  stm32f10x_it.o(i.SVC_Handler)
    i.SetResetState                          0x080008c4   Section        0  mcu_api.o(i.SetResetState)
    i.SetSysClock                            0x080008d0   Section        0  system_stm32f10x.o(i.SetSysClock)
    SetSysClock                              0x080008d1   Thumb Code     8  system_stm32f10x.o(i.SetSysClock)
    i.SetSysClockTo72                        0x080008d8   Section        0  system_stm32f10x.o(i.SetSysClockTo72)
    SetSysClockTo72                          0x080008d9   Thumb Code   214  system_stm32f10x.o(i.SetSysClockTo72)
    i.SetWifiWorkState                       0x080009b8   Section        0  mcu_api.o(i.SetWifiWorkState)
    i.SysTick_CLKSourceConfig                0x08000a04   Section        0  misc.o(i.SysTick_CLKSourceConfig)
    i.SysTick_CounterCmd                     0x08000a2c   Section        0  stm32f10x_systick.o(i.SysTick_CounterCmd)
    i.SysTick_GetFlagStatus                  0x08000a62   Section        0  stm32f10x_systick.o(i.SysTick_GetFlagStatus)
    i.SysTick_Handler                        0x08000a90   Section        0  stm32f10x_it.o(i.SysTick_Handler)
    i.SysTick_ITConfig                       0x08000a92   Section        0  stm32f10x_systick.o(i.SysTick_ITConfig)
    i.SysTick_SetReload                      0x08000ab8   Section        0  stm32f10x_systick.o(i.SysTick_SetReload)
    i.SystemInit                             0x08000ac0   Section        0  system_stm32f10x.o(i.SystemInit)
    i.TakeDataFromBuff                       0x08000b20   Section        0  mcu_api.o(i.TakeDataFromBuff)
    TakeDataFromBuff                         0x08000b21   Thumb Code    48  mcu_api.o(i.TakeDataFromBuff)
    i.USART1_Config                          0x08000b5c   Section        0  usart.o(i.USART1_Config)
    i.USART1_IRQHandler                      0x08000c14   Section        0  cmd.o(i.USART1_IRQHandler)
    i.USART2SendDatas                        0x08000c9c   Section        0  usart.o(i.USART2SendDatas)
    i.USART2_Config                          0x08000ccc   Section        0  usart.o(i.USART2_Config)
    i.USART2_IRQHandler                      0x08000d88   Section        0  usart.o(i.USART2_IRQHandler)
    i.USART_ClearFlag                        0x08000db8   Section        0  stm32f10x_usart.o(i.USART_ClearFlag)
    i.USART_ClearITPendingBit                0x08000dca   Section        0  stm32f10x_usart.o(i.USART_ClearITPendingBit)
    i.USART_Cmd                              0x08000de8   Section        0  stm32f10x_usart.o(i.USART_Cmd)
    i.USART_GetFlagStatus                    0x08000e00   Section        0  stm32f10x_usart.o(i.USART_GetFlagStatus)
    i.USART_GetITStatus                      0x08000e1a   Section        0  stm32f10x_usart.o(i.USART_GetITStatus)
    i.USART_ITConfig                         0x08000e6e   Section        0  stm32f10x_usart.o(i.USART_ITConfig)
    i.USART_Init                             0x08000eb8   Section        0  stm32f10x_usart.o(i.USART_Init)
    i.USART_ReceiveData                      0x08000f90   Section        0  stm32f10x_usart.o(i.USART_ReceiveData)
    i.USART_SendData                         0x08000f9a   Section        0  stm32f10x_usart.o(i.USART_SendData)
    i.UartCheckValue                         0x08000fa2   Section        0  system.o(i.UartCheckValue)
    i.UartProFrameSend                       0x08000fc0   Section        0  system.o(i.UartProFrameSend)
    i.UartProcessPro                         0x08001030   Section        0  mcu_api.o(i.UartProcessPro)
    i.UartProtocolInit                       0x08001114   Section        0  mcu_api.o(i.UartProtocolInit)
    i.UartReportBoolTypeData                 0x08001138   Section        0  mcu_api.o(i.UartReportBoolTypeData)
    i.UartReportEnumTypeData                 0x0800116a   Section        0  mcu_api.o(i.UartReportEnumTypeData)
    i.UartReportResetState                   0x0800119c   Section        0  mcu_api.o(i.UartReportResetState)
    i.UartReqModuleWorkMode                  0x080011b4   Section        0  mcu_api.o(i.UartReqModuleWorkMode)
    i.UartRevOneByte                         0x080011c4   Section        0  mcu_api.o(i.UartRevOneByte)
    i.UartSendHeatBeat                       0x08001210   Section        0  system.o(i.UartSendHeatBeat)
    UartSendHeatBeat                         0x08001211   Thumb Code    50  system.o(i.UartSendHeatBeat)
    i.UartSendProductInfo                    0x08001248   Section        0  system.o(i.UartSendProductInfo)
    UartSendProductInfo                      0x08001249   Thumb Code    62  system.o(i.UartSendProductInfo)
    i.UartWriteData                          0x080012d0   Section        0  protocol.o(i.UartWriteData)
    i.UsageFault_Handler                     0x080012e2   Section        0  stm32f10x_it.o(i.UsageFault_Handler)
    i.__0printf$2                            0x080012e8   Section        0  printf2.o(i.__0printf$2)
    i.__0sprintf$2                           0x08001308   Section        0  printf2.o(i.__0sprintf$2)
    i.__scatterload_copy                     0x08001330   Section       14  handlers.o(i.__scatterload_copy)
    i.__scatterload_null                     0x0800133e   Section        2  handlers.o(i.__scatterload_null)
    i.__scatterload_zeroinit                 0x08001340   Section       14  handlers.o(i.__scatterload_zeroinit)
    i._printf_core                           0x0800134e   Section        0  printf2.o(i._printf_core)
    _printf_core                             0x0800134f   Thumb Code   214  printf2.o(i._printf_core)
    i._sputc                                 0x08001424   Section        0  printf2.o(i._sputc)
    _sputc                                   0x08001425   Thumb Code    10  printf2.o(i._sputc)
    i.delay_init                             0x08001430   Section        0  delay.o(i.delay_init)
    i.delay_ms                               0x08001474   Section        0  delay.o(i.delay_ms)
    i.fputc                                  0x080014c8   Section        0  usart.o(i.fputc)
    i.funSystem                              0x080014ec   Section        0  command.o(i.funSystem)
    funSystem                                0x080014ed   Thumb Code   110  command.o(i.funSystem)
    i.main                                   0x080015d8   Section        0  main.o(i.main)
    i.revBuffIsEmpty                         0x0800161c   Section        0  mcu_api.o(i.revBuffIsEmpty)
    revBuffIsEmpty                           0x0800161d   Thumb Code    20  mcu_api.o(i.revBuffIsEmpty)
    .constdata                               0x08001638   Section       10  protocol.o(.constdata)
    .constdata                               0x08001642   Section      129  ctype_o.o(.constdata)
    .constdata                               0x080016c4   Section        4  ctype_o.o(.constdata)
    table                                    0x080016c4   Data           4  ctype_o.o(.constdata)
    .conststring                             0x080016c8   Section        7  command.o(.conststring)
    .data                                    0x20000000   Section        5  delay.o(.data)
    delay_fac_us                             0x20000000   Data           1  delay.o(.data)
    delay_fac_ms                             0x20000002   Data           2  delay.o(.data)
    Status                                   0x20000004   Data           1  delay.o(.data)
    .data                                    0x20000008   Section        6  cmd.o(.data)
    firstEnt                                 0x20000008   Data           4  cmd.o(.data)
    RxCounter                                0x2000000c   Data           2  cmd.o(.data)
    .data                                    0x20000010   Section       12  command.o(.data)
    CmdEntrance_system                       0x20000010   Data          12  command.o(.data)
    .data                                    0x2000001c   Section       12  mcu_api.o(.data)
    WifiWorkState                            0x2000001c   Data           1  mcu_api.o(.data)
    WifiResetFlag                            0x2000001d   Data           1  mcu_api.o(.data)
    revBuffPt_in                             0x20000020   Data           4  mcu_api.o(.data)
    revBuffPt_out                            0x20000024   Data           4  mcu_api.o(.data)
    .data                                    0x20000028   Section        5  protocol.o(.data)
    powerstate_status                        0x20000028   Data           1  protocol.o(.data)
    mode_switch_status                       0x20000029   Data           1  protocol.o(.data)
    mode_status                              0x2000002a   Data           1  protocol.o(.data)
    light_switch_status                      0x2000002b   Data           1  protocol.o(.data)
    light_mode_status                        0x2000002c   Data           1  protocol.o(.data)
    .data                                    0x2000002d   Section        1  system.o(.data)
    mcuResetState                            0x2000002d   Data           1  system.o(.data)
    .data                                    0x2000002e   Section       20  stm32f10x_rcc.o(.data)
    APBAHBPrescTable                         0x2000002e   Data          16  stm32f10x_rcc.o(.data)
    ADCPrescTable                            0x2000003e   Data           4  stm32f10x_rcc.o(.data)
    .data                                    0x20000044   Section        4  stdout.o(.data)
    .bss                                     0x20000048   Section      200  cmd.o(.bss)
    USART_RX_Buff                            0x20000048   Data         200  cmd.o(.bss)
    .bss                                     0x20000110   Section      200  mcu_api.o(.bss)
    revBuff                                  0x20000110   Data         100  mcu_api.o(.bss)
    processBuff                              0x20000174   Data         100  mcu_api.o(.bss)
    .bss                                     0x200001d8   Section      100  system.o(.bss)
    sedBuff                                  0x200001d8   Data         100  system.o(.bss)
    STACK                                    0x20000240   Section     1024  startup_stm32f10x_md.o(STACK)

    Global Symbols

    Symbol Name                              Value     Ov Type        Size  Object(Section)

    BuildAttributes$$THM_ISAv4$P$D$K$B$S$PE$A:L22UL41UL21$X:L11$S22US41US21$IEEE1$IW$USESV6$~STKCKD$USESV7$~SHL$OSPACE$ROPI$EBA8$MICROLIB$REQ8$PRES8$EABIv2 0x00000000   Number         0  anon$$obj.o ABSOLUTE
    __ARM_use_no_argv                        0x00000000   Number         0  main.o ABSOLUTE
    _printf_a                                0x00000000   Number         0  stubs.o ABSOLUTE
    _printf_c                                0x00000000   Number         0  stubs.o ABSOLUTE
    _printf_charcount                        0x00000000   Number         0  stubs.o ABSOLUTE
    _printf_d                                0x00000000   Number         0  stubs.o ABSOLUTE
    _printf_e                                0x00000000   Number         0  stubs.o ABSOLUTE
    _printf_f                                0x00000000   Number         0  stubs.o ABSOLUTE
    _printf_flags                            0x00000000   Number         0  stubs.o ABSOLUTE
    _printf_fp_dec                           0x00000000   Number         0  stubs.o ABSOLUTE
    _printf_fp_hex                           0x00000000   Number         0  stubs.o ABSOLUTE
    _printf_g                                0x00000000   Number         0  stubs.o ABSOLUTE
    _printf_i                                0x00000000   Number         0  stubs.o ABSOLUTE
    _printf_int_dec                          0x00000000   Number         0  stubs.o ABSOLUTE
    _printf_l                                0x00000000   Number         0  stubs.o ABSOLUTE
    _printf_lc                               0x00000000   Number         0  stubs.o ABSOLUTE
    _printf_ll                               0x00000000   Number         0  stubs.o ABSOLUTE
    _printf_lld                              0x00000000   Number         0  stubs.o ABSOLUTE
    _printf_lli                              0x00000000   Number         0  stubs.o ABSOLUTE
    _printf_llo                              0x00000000   Number         0  stubs.o ABSOLUTE
    _printf_llu                              0x00000000   Number         0  stubs.o ABSOLUTE
    _printf_llx                              0x00000000   Number         0  stubs.o ABSOLUTE
    _printf_longlong_dec                     0x00000000   Number         0  stubs.o ABSOLUTE
    _printf_longlong_hex                     0x00000000   Number         0  stubs.o ABSOLUTE
    _printf_longlong_oct                     0x00000000   Number         0  stubs.o ABSOLUTE
    _printf_ls                               0x00000000   Number         0  stubs.o ABSOLUTE
    _printf_mbtowc                           0x00000000   Number         0  stubs.o ABSOLUTE
    _printf_n                                0x00000000   Number         0  stubs.o ABSOLUTE
    _printf_o                                0x00000000   Number         0  stubs.o ABSOLUTE
    _printf_p                                0x00000000   Number         0  stubs.o ABSOLUTE
    _printf_percent                          0x00000000   Number         0  stubs.o ABSOLUTE
    _printf_pre_padding                      0x00000000   Number         0  stubs.o ABSOLUTE
    _printf_return_value                     0x00000000   Number         0  stubs.o ABSOLUTE
    _printf_s                                0x00000000   Number         0  stubs.o ABSOLUTE
    _printf_sizespec                         0x00000000   Number         0  stubs.o ABSOLUTE
    _printf_str                              0x00000000   Number         0  stubs.o ABSOLUTE
    _printf_truncate_signed                  0x00000000   Number         0  stubs.o ABSOLUTE
    _printf_truncate_unsigned                0x00000000   Number         0  stubs.o ABSOLUTE
    _printf_u                                0x00000000   Number         0  stubs.o ABSOLUTE
    _printf_wc                               0x00000000   Number         0  stubs.o ABSOLUTE
    _printf_wctomb                           0x00000000   Number         0  stubs.o ABSOLUTE
    _printf_widthprec                        0x00000000   Number         0  stubs.o ABSOLUTE
    _printf_x                                0x00000000   Number         0  stubs.o ABSOLUTE
    __cpp_initialize__aeabi_                  - Undefined Weak Reference
    __cxa_finalize                            - Undefined Weak Reference
    __decompress                              - Undefined Weak Reference
    _clock_init                               - Undefined Weak Reference
    _microlib_exit                            - Undefined Weak Reference
    __Vectors_Size                           0x000000ec   Number         0  startup_stm32f10x_md.o ABSOLUTE
    __Vectors                                0x08000000   Data           4  startup_stm32f10x_md.o(RESET)
    __Vectors_End                            0x080000ec   Data           0  startup_stm32f10x_md.o(RESET)
    __main                                   0x080000ed   Thumb Code     0  entry.o(.ARM.Collect$$$$00000000)
    _main_stk                                0x080000ed   Thumb Code     0  entry2.o(.ARM.Collect$$$$00000001)
    _main_scatterload                        0x080000f1   Thumb Code     0  entry5.o(.ARM.Collect$$$$00000004)
    __main_after_scatterload                 0x080000f5   Thumb Code     0  entry5.o(.ARM.Collect$$$$00000004)
    _main_clock                              0x080000f5   Thumb Code     0  entry7b.o(.ARM.Collect$$$$00000008)
    _main_cpp_init                           0x080000f5   Thumb Code     0  entry8b.o(.ARM.Collect$$$$0000000A)
    _main_init                               0x080000f5   Thumb Code     0  entry9a.o(.ARM.Collect$$$$0000000B)
    __rt_final_cpp                           0x080000fd   Thumb Code     0  entry10a.o(.ARM.Collect$$$$0000000D)
    __rt_final_exit                          0x080000fd   Thumb Code     0  entry11a.o(.ARM.Collect$$$$0000000F)
    Reset_Handler                            0x08000101   Thumb Code     8  startup_stm32f10x_md.o(.text)
    ADC1_2_IRQHandler                        0x0800011b   Thumb Code     0  startup_stm32f10x_md.o(.text)
    CAN1_RX1_IRQHandler                      0x0800011b   Thumb Code     0  startup_stm32f10x_md.o(.text)
    CAN1_SCE_IRQHandler                      0x0800011b   Thumb Code     0  startup_stm32f10x_md.o(.text)
    DMA1_Channel1_IRQHandler                 0x0800011b   Thumb Code     0  startup_stm32f10x_md.o(.text)
    DMA1_Channel2_IRQHandler                 0x0800011b   Thumb Code     0  startup_stm32f10x_md.o(.text)
    DMA1_Channel3_IRQHandler                 0x0800011b   Thumb Code     0  startup_stm32f10x_md.o(.text)
    DMA1_Channel4_IRQHandler                 0x0800011b   Thumb Code     0  startup_stm32f10x_md.o(.text)
    DMA1_Channel5_IRQHandler                 0x0800011b   Thumb Code     0  startup_stm32f10x_md.o(.text)
    DMA1_Channel6_IRQHandler                 0x0800011b   Thumb Code     0  startup_stm32f10x_md.o(.text)
    DMA1_Channel7_IRQHandler                 0x0800011b   Thumb Code     0  startup_stm32f10x_md.o(.text)
    EXTI0_IRQHandler                         0x0800011b   Thumb Code     0  startup_stm32f10x_md.o(.text)
    EXTI15_10_IRQHandler                     0x0800011b   Thumb Code     0  startup_stm32f10x_md.o(.text)
    EXTI1_IRQHandler                         0x0800011b   Thumb Code     0  startup_stm32f10x_md.o(.text)
    EXTI2_IRQHandler                         0x0800011b   Thumb Code     0  startup_stm32f10x_md.o(.text)
    EXTI3_IRQHandler                         0x0800011b   Thumb Code     0  startup_stm32f10x_md.o(.text)
    EXTI4_IRQHandler                         0x0800011b   Thumb Code     0  startup_stm32f10x_md.o(.text)
    EXTI9_5_IRQHandler                       0x0800011b   Thumb Code     0  startup_stm32f10x_md.o(.text)
    FLASH_IRQHandler                         0x0800011b   Thumb Code     0  startup_stm32f10x_md.o(.text)
    I2C1_ER_IRQHandler                       0x0800011b   Thumb Code     0  startup_stm32f10x_md.o(.text)
    I2C1_EV_IRQHandler                       0x0800011b   Thumb Code     0  startup_stm32f10x_md.o(.text)
    I2C2_ER_IRQHandler                       0x0800011b   Thumb Code     0  startup_stm32f10x_md.o(.text)
    I2C2_EV_IRQHandler                       0x0800011b   Thumb Code     0  startup_stm32f10x_md.o(.text)
    PVD_IRQHandler                           0x0800011b   Thumb Code     0  startup_stm32f10x_md.o(.text)
    RCC_IRQHandler                           0x0800011b   Thumb Code     0  startup_stm32f10x_md.o(.text)
    RTCAlarm_IRQHandler                      0x0800011b   Thumb Code     0  startup_stm32f10x_md.o(.text)
    RTC_IRQHandler                           0x0800011b   Thumb Code     0  startup_stm32f10x_md.o(.text)
    SPI1_IRQHandler                          0x0800011b   Thumb Code     0  startup_stm32f10x_md.o(.text)
    SPI2_IRQHandler                          0x0800011b   Thumb Code     0  startup_stm32f10x_md.o(.text)
    TAMPER_IRQHandler                        0x0800011b   Thumb Code     0  startup_stm32f10x_md.o(.text)
    TIM1_BRK_IRQHandler                      0x0800011b   Thumb Code     0  startup_stm32f10x_md.o(.text)
    TIM1_CC_IRQHandler                       0x0800011b   Thumb Code     0  startup_stm32f10x_md.o(.text)
    TIM1_TRG_COM_IRQHandler                  0x0800011b   Thumb Code     0  startup_stm32f10x_md.o(.text)
    TIM1_UP_IRQHandler                       0x0800011b   Thumb Code     0  startup_stm32f10x_md.o(.text)
    TIM2_IRQHandler                          0x0800011b   Thumb Code     0  startup_stm32f10x_md.o(.text)
    TIM3_IRQHandler                          0x0800011b   Thumb Code     0  startup_stm32f10x_md.o(.text)
    TIM4_IRQHandler                          0x0800011b   Thumb Code     0  startup_stm32f10x_md.o(.text)
    USART3_IRQHandler                        0x0800011b   Thumb Code     0  startup_stm32f10x_md.o(.text)
    USBWakeUp_IRQHandler                     0x0800011b   Thumb Code     0  startup_stm32f10x_md.o(.text)
    USB_HP_CAN1_TX_IRQHandler                0x0800011b   Thumb Code     0  startup_stm32f10x_md.o(.text)
    USB_LP_CAN1_RX0_IRQHandler               0x0800011b   Thumb Code     0  startup_stm32f10x_md.o(.text)
    WWDG_IRQHandler                          0x0800011b   Thumb Code     0  startup_stm32f10x_md.o(.text)
    __rt_ctype_table                         0x08000125   Thumb Code     4  ctype_o.o(.text)
    __aeabi_memcpy                           0x0800012d   Thumb Code    36  memcpya.o(.text)
    __aeabi_memcpy4                          0x0800012d   Thumb Code     0  memcpya.o(.text)
    __aeabi_memcpy8                          0x0800012d   Thumb Code     0  memcpya.o(.text)
    __aeabi_memset                           0x08000151   Thumb Code    14  memseta.o(.text)
    __aeabi_memset4                          0x08000151   Thumb Code     0  memseta.o(.text)
    __aeabi_memset8                          0x08000151   Thumb Code     0  memseta.o(.text)
    __aeabi_memclr                           0x0800015f   Thumb Code     4  memseta.o(.text)
    __aeabi_memclr4                          0x0800015f   Thumb Code     0  memseta.o(.text)
    __aeabi_memclr8                          0x0800015f   Thumb Code     0  memseta.o(.text)
    _memset$wrapper                          0x08000163   Thumb Code    18  memseta.o(.text)
    strlen                                   0x08000175   Thumb Code    14  strlen.o(.text)
    strcmp                                   0x08000183   Thumb Code    28  strcmp.o(.text)
    __scatterload                            0x080001a1   Thumb Code    28  init.o(.text)
    __scatterload_rt2                        0x080001a1   Thumb Code     0  init.o(.text)
    BusFault_Handler                         0x080001c5   Thumb Code     4  stm32f10x_it.o(i.BusFault_Handler)
    Cmd_AddEntrance                          0x080001c9   Thumb Code    44  cmd.o(i.Cmd_AddEntrance)
    Cmd_Handle                               0x080001f9   Thumb Code   172  cmd.o(i.Cmd_Handle)
    Command_Init                             0x080002a9   Thumb Code    16  command.o(i.Command_Init)
    DebugMon_Handler                         0x0800039d   Thumb Code     2  stm32f10x_it.o(i.DebugMon_Handler)
    GPIO_Init                                0x0800039f   Thumb Code   278  stm32f10x_gpio.o(i.GPIO_Init)
    GetCmdIdIndex                            0x080004b5   Thumb Code    34  protocol.o(i.GetCmdIdIndex)
    HardFault_Handler                        0x080004dd   Thumb Code     4  stm32f10x_it.o(i.HardFault_Handler)
    LedInit                                  0x080004e1   Thumb Code    40  led.o(i.LedInit)
    MemManage_Handler                        0x0800050d   Thumb Code     4  stm32f10x_it.o(i.MemManage_Handler)
    NMI_Handler                              0x08000511   Thumb Code     2  stm32f10x_it.o(i.NMI_Handler)
    NVIC_Init                                0x08000515   Thumb Code   100  misc.o(i.NVIC_Init)
    NVIC_PriorityGroupConfig                 0x08000585   Thumb Code    10  misc.o(i.NVIC_PriorityGroupConfig)
    PendSV_Handler                           0x08000599   Thumb Code     2  stm32f10x_it.o(i.PendSV_Handler)
    ProGetdpidValueBool                      0x0800059b   Thumb Code    14  mcu_api.o(i.ProGetdpidValueBool)
    ProGetdpidValueEnum                      0x080005a9   Thumb Code    28  mcu_api.o(i.ProGetdpidValueEnum)
    ProcessDataCmd                           0x080005c5   Thumb Code    68  protocol.o(i.ProcessDataCmd)
    ProcessReportDataInfo                    0x08000609   Thumb Code   154  system.o(i.ProcessReportDataInfo)
    ProcessUartCmd                           0x080006a9   Thumb Code   184  system.o(i.ProcessUartCmd)
    RCC_APB1PeriphClockCmd                   0x08000761   Thumb Code    26  stm32f10x_rcc.o(i.RCC_APB1PeriphClockCmd)
    RCC_APB2PeriphClockCmd                   0x08000781   Thumb Code    26  stm32f10x_rcc.o(i.RCC_APB2PeriphClockCmd)
    RCC_GetClocksFreq                        0x080007a1   Thumb Code   192  stm32f10x_rcc.o(i.RCC_GetClocksFreq)
    ReportAllDeviceState                     0x08000875   Thumb Code    54  protocol.o(i.ReportAllDeviceState)
    SVC_Handler                              0x080008c1   Thumb Code     2  stm32f10x_it.o(i.SVC_Handler)
    SetResetState                            0x080008c5   Thumb Code     6  mcu_api.o(i.SetResetState)
    SetWifiWorkState                         0x080009b9   Thumb Code    70  mcu_api.o(i.SetWifiWorkState)
    SysTick_CLKSourceConfig                  0x08000a05   Thumb Code    40  misc.o(i.SysTick_CLKSourceConfig)
    SysTick_CounterCmd                       0x08000a2d   Thumb Code    54  stm32f10x_systick.o(i.SysTick_CounterCmd)
    SysTick_GetFlagStatus                    0x08000a63   Thumb Code    46  stm32f10x_systick.o(i.SysTick_GetFlagStatus)
    SysTick_Handler                          0x08000a91   Thumb Code     2  stm32f10x_it.o(i.SysTick_Handler)
    SysTick_ITConfig                         0x08000a93   Thumb Code    38  stm32f10x_systick.o(i.SysTick_ITConfig)
    SysTick_SetReload                        0x08000ab9   Thumb Code     8  stm32f10x_systick.o(i.SysTick_SetReload)
    SystemInit                               0x08000ac1   Thumb Code    78  system_stm32f10x.o(i.SystemInit)
    USART1_Config                            0x08000b5d   Thumb Code   176  usart.o(i.USART1_Config)
    USART1_IRQHandler                        0x08000c15   Thumb Code   116  cmd.o(i.USART1_IRQHandler)
    USART2SendDatas                          0x08000c9d   Thumb Code    42  usart.o(i.USART2SendDatas)
    USART2_Config                            0x08000ccd   Thumb Code   178  usart.o(i.USART2_Config)
    USART2_IRQHandler                        0x08000d89   Thumb Code    42  usart.o(i.USART2_IRQHandler)
    USART_ClearFlag                          0x08000db9   Thumb Code    18  stm32f10x_usart.o(i.USART_ClearFlag)
    USART_ClearITPendingBit                  0x08000dcb   Thumb Code    30  stm32f10x_usart.o(i.USART_ClearITPendingBit)
    USART_Cmd                                0x08000de9   Thumb Code    24  stm32f10x_usart.o(i.USART_Cmd)
    USART_GetFlagStatus                      0x08000e01   Thumb Code    26  stm32f10x_usart.o(i.USART_GetFlagStatus)
    USART_GetITStatus                        0x08000e1b   Thumb Code    84  stm32f10x_usart.o(i.USART_GetITStatus)
    USART_ITConfig                           0x08000e6f   Thumb Code    74  stm32f10x_usart.o(i.USART_ITConfig)
    USART_Init                               0x08000eb9   Thumb Code   210  stm32f10x_usart.o(i.USART_Init)
    USART_ReceiveData                        0x08000f91   Thumb Code    10  stm32f10x_usart.o(i.USART_ReceiveData)
    USART_SendData                           0x08000f9b   Thumb Code     8  stm32f10x_usart.o(i.USART_SendData)
    UartCheckValue                           0x08000fa3   Thumb Code    30  system.o(i.UartCheckValue)
    UartProFrameSend                         0x08000fc1   Thumb Code   108  system.o(i.UartProFrameSend)
    UartProcessPro                           0x08001031   Thumb Code   224  mcu_api.o(i.UartProcessPro)
    UartProtocolInit                         0x08001115   Thumb Code    20  mcu_api.o(i.UartProtocolInit)
    UartReportBoolTypeData                   0x08001139   Thumb Code    50  mcu_api.o(i.UartReportBoolTypeData)
    UartReportEnumTypeData                   0x0800116b   Thumb Code    50  mcu_api.o(i.UartReportEnumTypeData)
    UartReportResetState                     0x0800119d   Thumb Code    20  mcu_api.o(i.UartReportResetState)
    UartReqModuleWorkMode                    0x080011b5   Thumb Code    14  mcu_api.o(i.UartReqModuleWorkMode)
    UartRevOneByte                           0x080011c5   Thumb Code    64  mcu_api.o(i.UartRevOneByte)
    UartWriteData                            0x080012d1   Thumb Code    18  protocol.o(i.UartWriteData)
    UsageFault_Handler                       0x080012e3   Thumb Code     4  stm32f10x_it.o(i.UsageFault_Handler)
    __0printf$2                              0x080012e9   Thumb Code    22  printf2.o(i.__0printf$2)
    __1printf$2                              0x080012e9   Thumb Code     0  printf2.o(i.__0printf$2)
    __2printf                                0x080012e9   Thumb Code     0  printf2.o(i.__0printf$2)
    __0sprintf$2                             0x08001309   Thumb Code    34  printf2.o(i.__0sprintf$2)
    __1sprintf$2                             0x08001309   Thumb Code     0  printf2.o(i.__0sprintf$2)
    __2sprintf                               0x08001309   Thumb Code     0  printf2.o(i.__0sprintf$2)
    __scatterload_copy                       0x08001331   Thumb Code    14  handlers.o(i.__scatterload_copy)
    __scatterload_null                       0x0800133f   Thumb Code     2  handlers.o(i.__scatterload_null)
    __scatterload_zeroinit                   0x08001341   Thumb Code    14  handlers.o(i.__scatterload_zeroinit)
    delay_init                               0x08001431   Thumb Code    54  delay.o(i.delay_init)
    delay_ms                                 0x08001475   Thumb Code    74  delay.o(i.delay_ms)
    fputc                                    0x080014c9   Thumb Code    32  usart.o(i.fputc)
    main                                     0x080015d9   Thumb Code    44  main.o(i.main)
    CmdInfoList                              0x08001638   Data          10  protocol.o(.constdata)
    __ctype_table                            0x08001642   Data         129  ctype_o.o(.constdata)
    Region$$Table$$Base                      0x080016d0   Number         0  anon$$obj.o(Region$$Table)
    Region$$Table$$Limit                     0x080016f0   Number         0  anon$$obj.o(Region$$Table)
    __stdout                                 0x20000044   Data           4  stdout.o(.data)
    __initial_sp                             0x20000640   Data           0  startup_stm32f10x_md.o(STACK)



==============================================================================

Memory Map of the image

  Image Entry point : 0x08000101

  Load Region LR_1 (Base: 0x08000000, Size: 0x00001738, Max: 0xffffffff, ABSOLUTE)

    Execution Region ER_RO (Exec base: 0x08000000, Load base: 0x08000000, Size: 0x000016f0, Max: 0xffffffff, ABSOLUTE)

    Exec Addr    Load Addr    Size         Type   Attr      Idx    E Section Name        Object

    0x08000000   0x08000000   0x000000ec   Data   RO         2545    RESET               startup_stm32f10x_md.o
    0x080000ec   0x080000ec   0x00000000   Code   RO         2550  * .ARM.Collect$$$$00000000  mc_w.l(entry.o)
    0x080000ec   0x080000ec   0x00000004   Code   RO         2880    .ARM.Collect$$$$00000001  mc_w.l(entry2.o)
    0x080000f0   0x080000f0   0x00000004   Code   RO         2883    .ARM.Collect$$$$00000004  mc_w.l(entry5.o)
    0x080000f4   0x080000f4   0x00000000   Code   RO         2885    .ARM.Collect$$$$00000008  mc_w.l(entry7b.o)
    0x080000f4   0x080000f4   0x00000000   Code   RO         2887    .ARM.Collect$$$$0000000A  mc_w.l(entry8b.o)
    0x080000f4   0x080000f4   0x00000008   Code   RO         2888    .ARM.Collect$$$$0000000B  mc_w.l(entry9a.o)
    0x080000fc   0x080000fc   0x00000000   Code   RO         2890    .ARM.Collect$$$$0000000D  mc_w.l(entry10a.o)
    0x080000fc   0x080000fc   0x00000000   Code   RO         2892    .ARM.Collect$$$$0000000F  mc_w.l(entry11a.o)
    0x080000fc   0x080000fc   0x00000004   Code   RO         2881    .ARM.Collect$$$$00002712  mc_w.l(entry2.o)
    0x08000100   0x08000100   0x00000024   Code   RO         2546  * .text               startup_stm32f10x_md.o
    0x08000124   0x08000124   0x00000008   Code   RO         2553    .text               mc_w.l(ctype_o.o)
    0x0800012c   0x0800012c   0x00000024   Code   RO         2581    .text               mc_w.l(memcpya.o)
    0x08000150   0x08000150   0x00000024   Code   RO         2583    .text               mc_w.l(memseta.o)
    0x08000174   0x08000174   0x0000000e   Code   RO         2585    .text               mc_w.l(strlen.o)
    0x08000182   0x08000182   0x0000001c   Code   RO         2587    .text               mc_w.l(strcmp.o)
    0x0800019e   0x0800019e   0x00000002   PAD
    0x080001a0   0x080001a0   0x00000024   Code   RO         2912    .text               mc_w.l(init.o)
    0x080001c4   0x080001c4   0x00000004   Code   RO          149    i.BusFault_Handler  stm32f10x_it.o
    0x080001c8   0x080001c8   0x00000030   Code   RO          333    i.Cmd_AddEntrance   cmd.o
    0x080001f8   0x080001f8   0x000000b0   Code   RO          334    i.Cmd_Handle        cmd.o
    0x080002a8   0x080002a8   0x00000024   Code   RO          367    i.Command_Init      command.o
    0x080002cc   0x080002cc   0x00000034   Code   RO          546    i.ControlLightModeState  protocol.o
    0x08000300   0x08000300   0x00000020   Code   RO          547    i.ControlLightSwitchState  protocol.o
    0x08000320   0x08000320   0x0000003c   Code   RO          548    i.ControlModeState  protocol.o
    0x0800035c   0x0800035c   0x00000020   Code   RO          549    i.ControlModeSwitchState  protocol.o
    0x0800037c   0x0800037c   0x00000020   Code   RO          550    i.ControlPowerstateState  protocol.o
    0x0800039c   0x0800039c   0x00000002   Code   RO          150    i.DebugMon_Handler  stm32f10x_it.o
    0x0800039e   0x0800039e   0x00000116   Code   RO          892    i.GPIO_Init         stm32f10x_gpio.o
    0x080004b4   0x080004b4   0x00000028   Code   RO          551    i.GetCmdIdIndex     protocol.o
    0x080004dc   0x080004dc   0x00000004   Code   RO          151    i.HardFault_Handler  stm32f10x_it.o
    0x080004e0   0x080004e0   0x0000002c   Code   RO          393    i.LedInit           led.o
    0x0800050c   0x0800050c   0x00000004   Code   RO          152    i.MemManage_Handler  stm32f10x_it.o
    0x08000510   0x08000510   0x00000002   Code   RO          153    i.NMI_Handler       stm32f10x_it.o
    0x08000512   0x08000512   0x00000002   PAD
    0x08000514   0x08000514   0x00000070   Code   RO          650    i.NVIC_Init         misc.o
    0x08000584   0x08000584   0x00000014   Code   RO          651    i.NVIC_PriorityGroupConfig  misc.o
    0x08000598   0x08000598   0x00000002   Code   RO          154    i.PendSV_Handler    stm32f10x_it.o
    0x0800059a   0x0800059a   0x0000000e   Code   RO          426    i.ProGetdpidValueBool  mcu_api.o
    0x080005a8   0x080005a8   0x0000001c   Code   RO          427    i.ProGetdpidValueEnum  mcu_api.o
    0x080005c4   0x080005c4   0x00000044   Code   RO          552    i.ProcessDataCmd    protocol.o
    0x08000608   0x08000608   0x000000a0   Code   RO          605    i.ProcessReportDataInfo  system.o
    0x080006a8   0x080006a8   0x000000b8   Code   RO          606    i.ProcessUartCmd    system.o
    0x08000760   0x08000760   0x00000020   Code   RO          688    i.RCC_APB1PeriphClockCmd  stm32f10x_rcc.o
    0x08000780   0x08000780   0x00000020   Code   RO          690    i.RCC_APB2PeriphClockCmd  stm32f10x_rcc.o
    0x080007a0   0x080007a0   0x000000d4   Code   RO          698    i.RCC_GetClocksFreq  stm32f10x_rcc.o
    0x08000874   0x08000874   0x0000004c   Code   RO          553    i.ReportAllDeviceState  protocol.o
    0x080008c0   0x080008c0   0x00000002   Code   RO          155    i.SVC_Handler       stm32f10x_it.o
    0x080008c2   0x080008c2   0x00000002   PAD
    0x080008c4   0x080008c4   0x0000000c   Code   RO          429    i.SetResetState     mcu_api.o
    0x080008d0   0x080008d0   0x00000008   Code   RO          212    i.SetSysClock       system_stm32f10x.o
    0x080008d8   0x080008d8   0x000000e0   Code   RO          213    i.SetSysClockTo72   system_stm32f10x.o
    0x080009b8   0x080009b8   0x0000004c   Code   RO          430    i.SetWifiWorkState  mcu_api.o
    0x08000a04   0x08000a04   0x00000028   Code   RO          654    i.SysTick_CLKSourceConfig  misc.o
    0x08000a2c   0x08000a2c   0x00000036   Code   RO         2496    i.SysTick_CounterCmd  stm32f10x_systick.o
    0x08000a62   0x08000a62   0x0000002e   Code   RO         2498    i.SysTick_GetFlagStatus  stm32f10x_systick.o
    0x08000a90   0x08000a90   0x00000002   Code   RO          156    i.SysTick_Handler   stm32f10x_it.o
    0x08000a92   0x08000a92   0x00000026   Code   RO         2499    i.SysTick_ITConfig  stm32f10x_systick.o
    0x08000ab8   0x08000ab8   0x00000008   Code   RO         2500    i.SysTick_SetReload  stm32f10x_systick.o
    0x08000ac0   0x08000ac0   0x00000060   Code   RO          215    i.SystemInit        system_stm32f10x.o
    0x08000b20   0x08000b20   0x0000003c   Code   RO          431    i.TakeDataFromBuff  mcu_api.o
    0x08000b5c   0x08000b5c   0x000000b8   Code   RO          246    i.USART1_Config     usart.o
    0x08000c14   0x08000c14   0x00000088   Code   RO          335    i.USART1_IRQHandler  cmd.o
    0x08000c9c   0x08000c9c   0x00000030   Code   RO          250    i.USART2SendDatas   usart.o
    0x08000ccc   0x08000ccc   0x000000bc   Code   RO          251    i.USART2_Config     usart.o
    0x08000d88   0x08000d88   0x00000030   Code   RO          252    i.USART2_IRQHandler  usart.o
    0x08000db8   0x08000db8   0x00000012   Code   RO         1000    i.USART_ClearFlag   stm32f10x_usart.o
    0x08000dca   0x08000dca   0x0000001e   Code   RO         1001    i.USART_ClearITPendingBit  stm32f10x_usart.o
    0x08000de8   0x08000de8   0x00000018   Code   RO         1004    i.USART_Cmd         stm32f10x_usart.o
    0x08000e00   0x08000e00   0x0000001a   Code   RO         1007    i.USART_GetFlagStatus  stm32f10x_usart.o
    0x08000e1a   0x08000e1a   0x00000054   Code   RO         1008    i.USART_GetITStatus  stm32f10x_usart.o
    0x08000e6e   0x08000e6e   0x0000004a   Code   RO         1010    i.USART_ITConfig    stm32f10x_usart.o
    0x08000eb8   0x08000eb8   0x000000d8   Code   RO         1011    i.USART_Init        stm32f10x_usart.o
    0x08000f90   0x08000f90   0x0000000a   Code   RO         1018    i.USART_ReceiveData  stm32f10x_usart.o
    0x08000f9a   0x08000f9a   0x00000008   Code   RO         1021    i.USART_SendData    stm32f10x_usart.o
    0x08000fa2   0x08000fa2   0x0000001e   Code   RO          607    i.UartCheckValue    system.o
    0x08000fc0   0x08000fc0   0x00000070   Code   RO          608    i.UartProFrameSend  system.o
    0x08001030   0x08001030   0x000000e4   Code   RO          432    i.UartProcessPro    mcu_api.o
    0x08001114   0x08001114   0x00000024   Code   RO          433    i.UartProtocolInit  mcu_api.o
    0x08001138   0x08001138   0x00000032   Code   RO          434    i.UartReportBoolTypeData  mcu_api.o
    0x0800116a   0x0800116a   0x00000032   Code   RO          435    i.UartReportEnumTypeData  mcu_api.o
    0x0800119c   0x0800119c   0x00000018   Code   RO          436    i.UartReportResetState  mcu_api.o
    0x080011b4   0x080011b4   0x0000000e   Code   RO          439    i.UartReqModuleWorkMode  mcu_api.o
    0x080011c2   0x080011c2   0x00000002   PAD
    0x080011c4   0x080011c4   0x0000004c   Code   RO          440    i.UartRevOneByte    mcu_api.o
    0x08001210   0x08001210   0x00000038   Code   RO          609    i.UartSendHeatBeat  system.o
    0x08001248   0x08001248   0x00000088   Code   RO          610    i.UartSendProductInfo  system.o
    0x080012d0   0x080012d0   0x00000012   Code   RO          554    i.UartWriteData     protocol.o
    0x080012e2   0x080012e2   0x00000004   Code   RO          157    i.UsageFault_Handler  stm32f10x_it.o
    0x080012e6   0x080012e6   0x00000002   PAD
    0x080012e8   0x080012e8   0x00000020   Code   RO         2658    i.__0printf$2       mc_w.l(printf2.o)
    0x08001308   0x08001308   0x00000028   Code   RO         2660    i.__0sprintf$2      mc_w.l(printf2.o)
    0x08001330   0x08001330   0x0000000e   Code   RO         2924    i.__scatterload_copy  mc_w.l(handlers.o)
    0x0800133e   0x0800133e   0x00000002   Code   RO         2925    i.__scatterload_null  mc_w.l(handlers.o)
    0x08001340   0x08001340   0x0000000e   Code   RO         2926    i.__scatterload_zeroinit  mc_w.l(handlers.o)
    0x0800134e   0x0800134e   0x000000d6   Code   RO         2665    i._printf_core      mc_w.l(printf2.o)
    0x08001424   0x08001424   0x0000000a   Code   RO         2667    i._sputc            mc_w.l(printf2.o)
    0x0800142e   0x0800142e   0x00000002   PAD
    0x08001430   0x08001430   0x00000044   Code   RO          304    i.delay_init        delay.o
    0x08001474   0x08001474   0x00000054   Code   RO          305    i.delay_ms          delay.o
    0x080014c8   0x080014c8   0x00000024   Code   RO          253    i.fputc             usart.o
    0x080014ec   0x080014ec   0x000000ec   Code   RO          368    i.funSystem         command.o
    0x080015d8   0x080015d8   0x00000044   Code   RO            1    i.main              main.o
    0x0800161c   0x0800161c   0x0000001c   Code   RO          442    i.revBuffIsEmpty    mcu_api.o
    0x08001638   0x08001638   0x0000000a   Data   RO          555    .constdata          protocol.o
    0x08001642   0x08001642   0x00000081   Data   RO         2554    .constdata          mc_w.l(ctype_o.o)
    0x080016c3   0x080016c3   0x00000001   PAD
    0x080016c4   0x080016c4   0x00000004   Data   RO         2555    .constdata          mc_w.l(ctype_o.o)
    0x080016c8   0x080016c8   0x00000007   Data   RO          369    .conststring        command.o
    0x080016cf   0x080016cf   0x00000001   PAD
    0x080016d0   0x080016d0   0x00000020   Data   RO         2922    Region$$Table       anon$$obj.o


    Execution Region ER_RW (Exec base: 0x20000000, Load base: 0x080016f0, Size: 0x00000048, Max: 0xffffffff, ABSOLUTE)

    Exec Addr    Load Addr    Size         Type   Attr      Idx    E Section Name        Object

    0x20000000   0x080016f0   0x00000005   Data   RW          307    .data               delay.o
    0x20000005   0x080016f5   0x00000003   PAD
    0x20000008   0x080016f8   0x00000006   Data   RW          337    .data               cmd.o
    0x2000000e   0x080016fe   0x00000002   PAD
    0x20000010   0x08001700   0x0000000c   Data   RW          370    .data               command.o
    0x2000001c   0x0800170c   0x0000000c   Data   RW          445    .data               mcu_api.o
    0x20000028   0x08001718   0x00000005   Data   RW          556    .data               protocol.o
    0x2000002d   0x0800171d   0x00000001   Data   RW          613    .data               system.o
    0x2000002e   0x0800171e   0x00000014   Data   RW          718    .data               stm32f10x_rcc.o
    0x20000042   0x08001732   0x00000002   PAD
    0x20000044   0x08001734   0x00000004   Data   RW         2894    .data               mc_w.l(stdout.o)


    Execution Region ER_ZI (Exec base: 0x20000048, Load base: 0x08001738, Size: 0x000005f8, Max: 0xffffffff, ABSOLUTE)

    Exec Addr    Load Addr    Size         Type   Attr      Idx    E Section Name        Object

    0x20000048        -       0x000000c8   Zero   RW          336    .bss                cmd.o
    0x20000110        -       0x000000c8   Zero   RW          443    .bss                mcu_api.o
    0x200001d8        -       0x00000064   Zero   RW          611    .bss                system.o
    0x2000023c   0x08001738   0x00000004   PAD
    0x20000240        -       0x00000400   Zero   RW         2543    STACK               startup_stm32f10x_md.o


==============================================================================

Image component sizes


      Code (inc. data)   RO Data    RW Data    ZI Data      Debug   Object Name

       360         28          0          6        200       2371   cmd.o
       272        146          7         12          0      16254   command.o
         0          0          0          0          0         32   core_cm3.o
       152         24          0          5          0       1312   delay.o
        44          4          0          0          0        474   led.o
        68         24          0          0          0     236359   main.o
       696         76          0         12        200       7949   mcu_api.o
       172         22          0          0          0       2217   misc.o
       410         62         10          5          0       5666   protocol.o
        36          8        236          0       1024        892   startup_stm32f10x_md.o
       278          0          0          0          0       2052   stm32f10x_gpio.o
        26          0          0          0          0       3802   stm32f10x_it.o
       276         32          0         20          0       4610   stm32f10x_rcc.o
       146          0          0          0          0       2396   stm32f10x_systick.o
       490          6          0          0          0       7733   stm32f10x_usart.o
       678         90          0          1        100       4859   system.o
       328         28          0          0          0       1885   system_stm32f10x.o
       504         34          0          0          0       4262   usart.o

    ----------------------------------------------------------------------
      4944        584        286         68       1528     305125   Object Totals
         0          0         32          0          0          0   (incl. Generated)
         8          0          1          7          4          0   (incl. Padding)

    ----------------------------------------------------------------------

      Code (inc. data)   RO Data    RW Data    ZI Data      Debug   Library Member Name

         8          4        133          0          0         68   ctype_o.o
         0          0          0          0          0          0   entry.o
         0          0          0          0          0          0   entry10a.o
         0          0          0          0          0          0   entry11a.o
         8          4          0          0          0          0   entry2.o
         4          0          0          0          0          0   entry5.o
         0          0          0          0          0          0   entry7b.o
         0          0          0          0          0          0   entry8b.o
         8          4          0          0          0          0   entry9a.o
        30          0          0          0          0          0   handlers.o
        36          8          0          0          0         68   init.o
        36          0          0          0          0         68   memcpya.o
        36          0          0          0          0        108   memseta.o
       296         16          0          0          0        328   printf2.o
         0          0          0          4          0          0   stdout.o
        28          0          0          0          0         76   strcmp.o
        14          0          0          0          0         68   strlen.o

    ----------------------------------------------------------------------
       508         36        134          4          0        784   Library Totals
         4          0          1          0          0          0   (incl. Padding)

    ----------------------------------------------------------------------

      Code (inc. data)   RO Data    RW Data    ZI Data      Debug   Library Name

       504         36        133          4          0        784   mc_w.l

    ----------------------------------------------------------------------
       508         36        134          4          0        784   Library Totals

    ----------------------------------------------------------------------

==============================================================================


      Code (inc. data)   RO Data    RW Data    ZI Data      Debug   

      5452        620        420         72       1528     302109   Grand Totals
      5452        620        420         72       1528     302109   ELF Image Totals
      5452        620        420         72          0          0   ROM Totals

==============================================================================

    Total RO  Size (Code + RO Data)                 5872 (   5.73kB)
    Total RW  Size (RW Data + ZI Data)              1600 (   1.56kB)
    Total ROM Size (Code + RO Data + RW Data)       5944 (   5.80kB)

==============================================================================

